Archive member included to satisfy reference by file (symbol)

/opt/st/stm32cubeide_1.1.0/plugins/com.st.stm32cube.ide.mcu.externaltools.gnu-tools-for-stm32.7-2018-q2-update.linux64_1.0.0.201904181610/tools/bin/../lib/gcc/arm-none-eabi/7.3.1/../../../../arm-none-eabi/lib/thumb/v7e-m/fpv4-sp/hard/libc_nano.a(lib_a-exit.o)
                              /opt/st/stm32cubeide_1.1.0/plugins/com.st.stm32cube.ide.mcu.externaltools.gnu-tools-for-stm32.7-2018-q2-update.linux64_1.0.0.201904181610/tools/bin/../lib/gcc/arm-none-eabi/7.3.1/../../../../arm-none-eabi/lib/thumb/v7e-m/fpv4-sp/hard/crt0.o (exit)
/opt/st/stm32cubeide_1.1.0/plugins/com.st.stm32cube.ide.mcu.externaltools.gnu-tools-for-stm32.7-2018-q2-update.linux64_1.0.0.201904181610/tools/bin/../lib/gcc/arm-none-eabi/7.3.1/../../../../arm-none-eabi/lib/thumb/v7e-m/fpv4-sp/hard/libc_nano.a(lib_a-impure.o)
                              /opt/st/stm32cubeide_1.1.0/plugins/com.st.stm32cube.ide.mcu.externaltools.gnu-tools-for-stm32.7-2018-q2-update.linux64_1.0.0.201904181610/tools/bin/../lib/gcc/arm-none-eabi/7.3.1/../../../../arm-none-eabi/lib/thumb/v7e-m/fpv4-sp/hard/libc_nano.a(lib_a-exit.o) (_global_impure_ptr)
/opt/st/stm32cubeide_1.1.0/plugins/com.st.stm32cube.ide.mcu.externaltools.gnu-tools-for-stm32.7-2018-q2-update.linux64_1.0.0.201904181610/tools/bin/../lib/gcc/arm-none-eabi/7.3.1/../../../../arm-none-eabi/lib/thumb/v7e-m/fpv4-sp/hard/libc_nano.a(lib_a-init.o)
                              /opt/st/stm32cubeide_1.1.0/plugins/com.st.stm32cube.ide.mcu.externaltools.gnu-tools-for-stm32.7-2018-q2-update.linux64_1.0.0.201904181610/tools/bin/../lib/gcc/arm-none-eabi/7.3.1/../../../../arm-none-eabi/lib/thumb/v7e-m/fpv4-sp/hard/crt0.o (__libc_init_array)
/opt/st/stm32cubeide_1.1.0/plugins/com.st.stm32cube.ide.mcu.externaltools.gnu-tools-for-stm32.7-2018-q2-update.linux64_1.0.0.201904181610/tools/bin/../lib/gcc/arm-none-eabi/7.3.1/../../../../arm-none-eabi/lib/thumb/v7e-m/fpv4-sp/hard/libc_nano.a(lib_a-memset.o)
                              /opt/st/stm32cubeide_1.1.0/plugins/com.st.stm32cube.ide.mcu.externaltools.gnu-tools-for-stm32.7-2018-q2-update.linux64_1.0.0.201904181610/tools/bin/../lib/gcc/arm-none-eabi/7.3.1/../../../../arm-none-eabi/lib/thumb/v7e-m/fpv4-sp/hard/crt0.o (memset)
/opt/st/stm32cubeide_1.1.0/plugins/com.st.stm32cube.ide.mcu.externaltools.gnu-tools-for-stm32.7-2018-q2-update.linux64_1.0.0.201904181610/tools/bin/../lib/gcc/arm-none-eabi/7.3.1/../../../../arm-none-eabi/lib/thumb/v7e-m/fpv4-sp/hard/libc_nano.a(lib_a-sprintf.o)
                              Src/Parser.o (sprintf)
/opt/st/stm32cubeide_1.1.0/plugins/com.st.stm32cube.ide.mcu.externaltools.gnu-tools-for-stm32.7-2018-q2-update.linux64_1.0.0.201904181610/tools/bin/../lib/gcc/arm-none-eabi/7.3.1/../../../../arm-none-eabi/lib/thumb/v7e-m/fpv4-sp/hard/libc_nano.a(lib_a-sscanf.o)
                              Src/Parser.o (sscanf)
/opt/st/stm32cubeide_1.1.0/plugins/com.st.stm32cube.ide.mcu.externaltools.gnu-tools-for-stm32.7-2018-q2-update.linux64_1.0.0.201904181610/tools/bin/../lib/gcc/arm-none-eabi/7.3.1/../../../../arm-none-eabi/lib/thumb/v7e-m/fpv4-sp/hard/libc_nano.a(lib_a-stdio.o)
                              /opt/st/stm32cubeide_1.1.0/plugins/com.st.stm32cube.ide.mcu.externaltools.gnu-tools-for-stm32.7-2018-q2-update.linux64_1.0.0.201904181610/tools/bin/../lib/gcc/arm-none-eabi/7.3.1/../../../../arm-none-eabi/lib/thumb/v7e-m/fpv4-sp/hard/libc_nano.a(lib_a-sscanf.o) (__seofread)
/opt/st/stm32cubeide_1.1.0/plugins/com.st.stm32cube.ide.mcu.externaltools.gnu-tools-for-stm32.7-2018-q2-update.linux64_1.0.0.201904181610/tools/bin/../lib/gcc/arm-none-eabi/7.3.1/../../../../arm-none-eabi/lib/thumb/v7e-m/fpv4-sp/hard/libc_nano.a(lib_a-strlen.o)
                              Src/SimUart.o (strlen)
/opt/st/stm32cubeide_1.1.0/plugins/com.st.stm32cube.ide.mcu.externaltools.gnu-tools-for-stm32.7-2018-q2-update.linux64_1.0.0.201904181610/tools/bin/../lib/gcc/arm-none-eabi/7.3.1/../../../../arm-none-eabi/lib/thumb/v7e-m/fpv4-sp/hard/libc_nano.a(lib_a-strncpy.o)
                              Src/usbd_cdc_if.o (strncpy)
/opt/st/stm32cubeide_1.1.0/plugins/com.st.stm32cube.ide.mcu.externaltools.gnu-tools-for-stm32.7-2018-q2-update.linux64_1.0.0.201904181610/tools/bin/../lib/gcc/arm-none-eabi/7.3.1/../../../../arm-none-eabi/lib/thumb/v7e-m/fpv4-sp/hard/libc_nano.a(lib_a-writer.o)
                              /opt/st/stm32cubeide_1.1.0/plugins/com.st.stm32cube.ide.mcu.externaltools.gnu-tools-for-stm32.7-2018-q2-update.linux64_1.0.0.201904181610/tools/bin/../lib/gcc/arm-none-eabi/7.3.1/../../../../arm-none-eabi/lib/thumb/v7e-m/fpv4-sp/hard/libc_nano.a(lib_a-stdio.o) (_write_r)
/opt/st/stm32cubeide_1.1.0/plugins/com.st.stm32cube.ide.mcu.externaltools.gnu-tools-for-stm32.7-2018-q2-update.linux64_1.0.0.201904181610/tools/bin/../lib/gcc/arm-none-eabi/7.3.1/../../../../arm-none-eabi/lib/thumb/v7e-m/fpv4-sp/hard/libc_nano.a(lib_a-closer.o)
[...]
Memory Configuration

Name             Origin             Length             Attributes
RAM              0x0000000020000000 0x0000000000008000 xrw
FLASH            0x0000000008000000 0x0000000000020000 xr
*default*        0x0000000000000000 0xffffffffffffffff

Linker script and memory map

LOAD /opt/st/stm32cubeide_1.1.0/plugins/com.st.stm32cube.ide.mcu.externaltools.gnu-tools-for-stm32.7-2018-q2-update.linux64_1.0.0.201904181610/tools/bin/../lib/gcc/arm-none-eabi/7.3.1/thumb/v7e-m/fpv4-sp/hard/crti.o
LOAD /opt/st/stm32cubeide_1.1.0/plugins/com.st.stm32cube.ide.mcu.externaltools.gnu-tools-for-stm32.7-2018-q2-update.linux64_1.0.0.201904181610/tools/bin/../lib/gcc/arm-none-eabi/7.3.1/thumb/v7e-m/fpv4-sp/hard/crtbegin.o
LOAD /opt/st/stm32cubeide_1.1.0/plugins/com.st.stm32cube.ide.mcu.externaltools.gnu-tools-for-stm32.7-2018-q2-update.linux64_1.0.0.201904181610/tools/bin/../lib/gcc/arm-none-eabi/7.3.1/../../../../arm-none-eabi/lib/thumb/v7e-m/fpv4-sp/hard/crt0.o
LOAD Core/Startup/startup_stm32g431kbtx.o
LOAD Drivers/STM32G4xx_HAL_Driver/Src/stm32g4xx_hal.o
LOAD Drivers/STM32G4xx_HAL_Driver/Src/stm32g4xx_hal_comp.o
LOAD Drivers/STM32G4xx_HAL_Driver/Src/stm32g4xx_hal_cortex.o
LOAD Drivers/STM32G4xx_HAL_Driver/Src/stm32g4xx_hal_dma.o
LOAD Drivers/STM32G4xx_HAL_Driver/Src/stm32g4xx_hal_dma_ex.o
LOAD Drivers/STM32G4xx_HAL_Driver/Src/stm32g4xx_hal_exti.o
LOAD Drivers/STM32G4xx_HAL_Driver/Src/stm32g4xx_hal_flash.o
LOAD Drivers/STM32G4xx_HAL_Driver/Src/stm32g4xx_hal_flash_ex.o
LOAD Drivers/STM32G4xx_HAL_Driver/Src/stm32g4xx_hal_flash_ramfunc.o
LOAD Drivers/STM32G4xx_HAL_Driver/Src/stm32g4xx_hal_gpio.o
LOAD Drivers/STM32G4xx_HAL_Driver/Src/stm32g4xx_hal_i2c.o
LOAD Drivers/STM32G4xx_HAL_Driver/Src/stm32g4xx_hal_i2c_ex.o
LOAD Drivers/STM32G4xx_HAL_Driver/Src/stm32g4xx_hal_pcd.o
LOAD Drivers/STM32G4xx_HAL_Driver/Src/stm32g4xx_hal_pcd_ex.o
LOAD Drivers/STM32G4xx_HAL_Driver/Src/stm32g4xx_hal_pwr.o
LOAD Drivers/STM32G4xx_HAL_Driver/Src/stm32g4xx_hal_pwr_ex.o
LOAD Drivers/STM32G4xx_HAL_Driver/Src/stm32g4xx_hal_rcc.o
LOAD Drivers/STM32G4xx_HAL_Driver/Src/stm32g4xx_hal_rcc_ex.o
LOAD Drivers/STM32G4xx_HAL_Driver/Src/stm32g4xx_hal_tim.o
LOAD Drivers/STM32G4xx_HAL_Driver/Src/stm32g4xx_hal_tim_ex.o
LOAD Drivers/STM32G4xx_HAL_Driver/Src/stm32g4xx_hal_uart.o
LOAD Drivers/STM32G4xx_HAL_Driver/Src/stm32g4xx_hal_uart_ex.o
LOAD Drivers/STM32G4xx_HAL_Driver/Src/stm32g4xx_ll_pwr.o
LOAD Drivers/STM32G4xx_HAL_Driver/Src/stm32g4xx_ll_usb.o
LOAD Middlewares/ST/STM32_USB_Device_Library/Class/CDC/Src/usbd_cdc.o
LOAD Middlewares/ST/STM32_USB_Device_Library/Core/Src/usbd_core.o
LOAD Middlewares/ST/STM32_USB_Device_Library/Core/Src/usbd_ctlreq.o
LOAD Middlewares/ST/STM32_USB_Device_Library/Core/Src/usbd_ioreq.o
LOAD Src/DCC_Packets.o
LOAD Src/Parser.o
LOAD Src/SimUart.o
LOAD Src/TimDMA.o
LOAD Src/main.o
LOAD Src/stm32g4xx_hal_msp.o
LOAD Src/stm32g4xx_it.o
LOAD Src/system_stm32g4xx.o
LOAD Src/usb_device.o
LOAD Src/usbd_cdc_if.o
LOAD Src/usbd_conf.o
LOAD Src/usbd_desc.o
START GROUP
LOAD /opt/st/stm32cubeide_1.1.0/plugins/com.st.stm32cube.ide.mcu.externaltools.gnu-tools-for-stm32.7-2018-q2-update.linux64_1.0.0.201904181610/tools/bin/../lib/gcc/arm-none-eabi/7.3.1/../../../../arm-none-eabi/lib/thumb/v7e-m/fpv4-sp/hard/libc_nano.a
LOAD /opt/st/stm32cubeide_1.1.0/plugins/com.st.stm32cube.ide.mcu.externaltools.gnu-tools-for-stm32.7-2018-q2-update.linux64_1.0.0.201904181610/tools/bin/../lib/gcc/arm-none-eabi/7.3.1/../../../../arm-none-eabi/lib/thumb/v7e-m/fpv4-sp/hard/libm.a
END GROUP
START GROUP
LOAD /opt/st/stm32cubeide_1.1.0/plugins/com.st.stm32cube.ide.mcu.externaltools.gnu-tools-for-stm32.7-2018-q2-update.linux64_1.0.0.201904181610/tools/bin/../lib/gcc/arm-none-eabi/7.3.1/thumb/v7e-m/fpv4-sp/hard/libgcc.a
LOAD /opt/st/stm32cubeide_1.1.0/plugins/com.st.stm32cube.ide.mcu.externaltools.gnu-tools-for-stm32.7-2018-q2-update.linux64_1.0.0.201904181610/tools/bin/../lib/gcc/arm-none-eabi/7.3.1/../../../../arm-none-eabi/lib/thumb/v7e-m/fpv4-sp/hard/libc_nano.a
END GROUP
START GROUP
LOAD /opt/st/stm32cubeide_1.1.0/plugins/com.st.stm32cube.ide.mcu.externaltools.gnu-tools-for-stm32.7-2018-q2-update.linux64_1.0.0.201904181610/tools/bin/../lib/gcc/arm-none-eabi/7.3.1/thumb/v7e-m/fpv4-sp/hard/libgcc.a
LOAD /opt/st/stm32cubeide_1.1.0/plugins/com.st.stm32cube.ide.mcu.externaltools.gnu-tools-for-stm32.7-2018-q2-update.linux64_1.0.0.201904181610/tools/bin/../lib/gcc/arm-none-eabi/7.3.1/../../../../arm-none-eabi/lib/thumb/v7e-m/fpv4-sp/hard/libc_nano.a
LOAD /opt/st/stm32cubeide_1.1.0/plugins/com.st.stm32cube.ide.mcu.externaltools.gnu-tools-for-stm32.7-2018-q2-update.linux64_1.0.0.201904181610/tools/bin/../lib/gcc/arm-none-eabi/7.3.1/../../../../arm-none-eabi/lib/thumb/v7e-m/fpv4-sp/hard/libnosys.a
END GROUP
START GROUP
LOAD /opt/st/stm32cubeide_1.1.0/plugins/com.st.stm32cube.ide.mcu.externaltools.gnu-tools-for-stm32.7-2018-q2-update.linux64_1.0.0.201904181610/tools/bin/../lib/gcc/arm-none-eabi/7.3.1/thumb/v7e-m/fpv4-sp/hard/libgcc.a
LOAD /opt/st/stm32cubeide_1.1.0/plugins/com.st.stm32cube.ide.mcu.externaltools.gnu-tools-for-stm32.7-2018-q2-update.linux64_1.0.0.201904181610/tools/bin/../lib/gcc/arm-none-eabi/7.3.1/../../../../arm-none-eabi/lib/thumb/v7e-m/fpv4-sp/hard/libc_nano.a
LOAD /opt/st/stm32cubeide_1.1.0/plugins/com.st.stm32cube.ide.mcu.externaltools.gnu-tools-for-stm32.7-2018-q2-update.linux64_1.0.0.201904181610/tools/bin/../lib/gcc/arm-none-eabi/7.3.1/../../../../arm-none-eabi/lib/thumb/v7e-m/fpv4-sp/hard/libnosys.a
END GROUP
LOAD /opt/st/stm32cubeide_1.1.0/plugins/com.st.stm32cube.ide.mcu.externaltools.gnu-tools-for-stm32.7-2018-q2-update.linux64_1.0.0.201904181610/tools/bin/../lib/gcc/arm-none-eabi/7.3.1/thumb/v7e-m/fpv4-sp/hard/crtend.o
LOAD /opt/st/stm32cubeide_1.1.0/plugins/com.st.stm32cube.ide.mcu.externaltools.gnu-tools-for-stm32.7-2018-q2-update.linux64_1.0.0.201904181610/tools/bin/../lib/gcc/arm-none-eabi/7.3.1/thumb/v7e-m/fpv4-sp/hard/crtn.o
                0x0000000020008000                _estack = (ORIGIN (RAM) + LENGTH (RAM))
                0x0000000000000200                _Min_Heap_Size = 0x200
                0x0000000000000400                _Min_Stack_Size = 0x400

.isr_vector     0x0000000008000000      0x1d8
                0x0000000008000000                . = ALIGN (0x4)
 *(.isr_vector)
 .isr_vector    0x0000000008000000      0x1d8 Core/Startup/startup_stm32g431kbtx.o
                0x0000000008000000                g_pfnVectors
                0x00000000080001d8                . = ALIGN (0x4)

.text           0x00000000080001e0     0xccc0
                0x00000000080001e0                . = ALIGN (0x4)
 *(.text)
 .text          0x00000000080001e0       0x40 /opt/st/stm32cubeide_1.1.0/plugins/com.st.stm32cube.ide.mcu.externaltools.gnu-tools-for-stm32.7-2018-q2-update.linux64_1.0.0.201904181610/tools/bin/../lib/gcc/arm-none-eabi/7.3.1/thumb/v7e-m/fpv4-sp/hard/crtbegin.o
 .text          0x0000000008000220       0x10 /opt/st/stm32cubeide_1.1.0/plugins/com.st.stm32cube.ide.mcu.externaltools.gnu-tools-for-stm32.7-2018-q2-update.linux64_1.0.0.201904181610/tools/bin/../lib/gcc/arm-none-eabi/7.3.1/../../../../arm-none-eabi/lib/thumb/v7e-m/fpv4-sp/hard/libc_nano.a(lib_a-strlen.o)
                0x0000000008000220                strlen
 .text          0x0000000008000230       0xa0 /opt/st/stm32cubeide_1.1.0/plugins/com.st.stm32cube.ide.mcu.externaltools.gnu-tools-for-stm32.7-2018-q2-update.linux64_1.0.0.201904181610/tools/bin/../lib/gcc/arm-none-eabi/7.3.1/../../../../arm-none-eabi/lib/thumb/v7e-m/fpv4-sp/hard/libc_nano.a(lib_a-memchr.o)
                0x0000000008000230                memchr
 .text          0x00000000080002d0       0x30 /opt/st/stm32cubeide_1.1.0/plugins/com.st.stm32cube.ide.mcu.externaltools.gnu-tools-for-stm32.7-2018-q2-update.linux64_1.0.0.201904181610/tools/bin/../lib/gcc/arm-none-eabi/7.3.1/thumb/v7e-m/fpv4-sp/hard/libgcc.a(_aeabi_uldivmod.o)
                0x00000000080002d0                __aeabi_uldivmod
 .text          0x0000000008000300      0x2cc /opt/st/stm32cubeide_1.1.0/plugins/com.st.stm32cube.ide.mcu.externaltools.gnu-tools-for-stm32.7-2018-q2-update.linux64_1.0.0.201904181610/tools/bin/../lib/gcc/arm-none-eabi/7.3.1/thumb/v7e-m/fpv4-sp/hard/libgcc.a(_udivmoddi4.o)
                0x0000000008000300                __udivmoddi4
 .text          0x00000000080005cc        0x4 /opt/st/stm32cubeide_1.1.0/plugins/com.st.stm32cube.ide.mcu.externaltools.gnu-tools-for-stm32.7-2018-q2-update.linux64_1.0.0.201904181610/tools/bin/../lib/gcc/arm-none-eabi/7.3.1/thumb/v7e-m/fpv4-sp/hard/libgcc.a(_dvmd_tls.o)
                0x00000000080005cc                __aeabi_ldiv0
                0x00000000080005cc                __aeabi_idiv0
 *(.text*)
 .text.Reset_Handler
                0x00000000080005d0       0x50 Core/Startup/startup_stm32g431kbtx.o
                0x00000000080005d0                Reset_Handler
 .text.Default_Handler
                0x0000000008000620        0x2 Core/Startup/startup_stm32g431kbtx.o
                0x0000000008000620                RTC_Alarm_IRQHandler
                0x0000000008000620                EXTI2_IRQHandler
                0x0000000008000620                TIM8_TRG_COM_IRQHandler
                0x0000000008000620                TIM8_CC_IRQHandler
                0x0000000008000620                TIM1_CC_IRQHandler
                0x0000000008000620                USB_HP_IRQHandler
                0x0000000008000620                CORDIC_IRQHandler
                0x0000000008000620                EXTI3_IRQHandler
                0x0000000008000620                I2C3_ER_IRQHandler
                0x0000000008000620                EXTI0_IRQHandler
                0x0000000008000620                I2C2_EV_IRQHandler
                0x0000000008000620                FPU_IRQHandler
                0x0000000008000620                FDCAN1_IT1_IRQHandler
                0x0000000008000620                TIM1_UP_TIM16_IRQHandler
                0x0000000008000620                ADC1_2_IRQHandler
                0x0000000008000620                SPI1_IRQHandler
                0x0000000008000620                TIM8_UP_IRQHandler
                0x0000000008000620                DMA2_Channel2_IRQHandler
                0x0000000008000620                DMA1_Channel4_IRQHandler
                0x0000000008000620                USART3_IRQHandler
                0x0000000008000620                TIM4_IRQHandler
                0x0000000008000620                DMA2_Channel1_IRQHandler
                0x0000000008000620                I2C1_EV_IRQHandler
                0x0000000008000620                DMA1_Channel6_IRQHandler
                0x0000000008000620                UART4_IRQHandler
                0x0000000008000620                DMA2_Channel4_IRQHandler
                0x0000000008000620                TIM3_IRQHandler
                0x0000000008000620                RCC_IRQHandler
                0x0000000008000620                Default_Handler
                0x0000000008000620                RTC_TAMP_LSECSS_IRQHandler
                0x0000000008000620                FMAC_IRQHandler
                0x0000000008000620                EXTI15_10_IRQHandler
                0x0000000008000620                TIM7_IRQHandler
                0x0000000008000620                UCPD1_IRQHandler
                0x0000000008000620                I2C3_EV_IRQHandler
                0x0000000008000620                EXTI9_5_IRQHandler
                0x0000000008000620                RTC_WKUP_IRQHandler
                0x0000000008000620                PVD_PVM_IRQHandler
                0x0000000008000620                SPI2_IRQHandler
                0x0000000008000620                DMA2_Channel5_IRQHandler
                0x0000000008000620                CRS_IRQHandler
                0x0000000008000620                DMA1_Channel5_IRQHandler
                0x0000000008000620                EXTI4_IRQHandler
                0x0000000008000620                RNG_IRQHandler
                0x0000000008000620                DMA1_Channel3_IRQHandler
                0x0000000008000620                WWDG_IRQHandler
                0x0000000008000620                LPUART1_IRQHandler
                0x0000000008000620                DMA2_Channel6_IRQHandler
                0x0000000008000620                FDCAN1_IT0_IRQHandler
                0x0000000008000620                TIM2_IRQHandler
                0x0000000008000620                COMP1_2_3_IRQHandler
                0x0000000008000620                EXTI1_IRQHandler
                0x0000000008000620                I2C2_ER_IRQHandler
                0x0000000008000620                TIM8_BRK_IRQHandler
                0x0000000008000620                FLASH_IRQHandler
                0x0000000008000620                USART1_IRQHandler
                0x0000000008000620                SPI3_IRQHandler
                0x0000000008000620                I2C1_ER_IRQHandler
                0x0000000008000620                LPTIM1_IRQHandler
                0x0000000008000620                DMAMUX_OVR_IRQHandler
                0x0000000008000620                USBWakeUp_IRQHandler
                0x0000000008000620                SAI1_IRQHandler
                0x0000000008000620                DMA2_Channel3_IRQHandler
                0x0000000008000620                COMP4_IRQHandler
                0x0000000008000620                TIM1_BRK_TIM15_IRQHandler
 .text.HAL_Init
                0x0000000008000622       0x30 Drivers/STM32G4xx_HAL_Driver/Src/stm32g4xx_hal.o
                0x0000000008000622                HAL_Init
 *fill*         0x0000000008000652        0x2 
 .text.HAL_InitTick
                0x0000000008000654       0x74 Drivers/STM32G4xx_HAL_Driver/Src/stm32g4xx_hal.o
                0x0000000008000654                HAL_InitTick
 .text.HAL_IncTick
                0x00000000080006c8       0x24 Drivers/STM32G4xx_HAL_Driver/Src/stm32g4xx_hal.o
                0x00000000080006c8                HAL_IncTick
 .text.HAL_GetTick
                0x00000000080006ec       0x18 Drivers/STM32G4xx_HAL_Driver/Src/stm32g4xx_hal.o
                0x00000000080006ec                HAL_GetTick
 .text.LL_EXTI_EnableIT_0_31
                0x0000000008000704       0x24 Drivers/STM32G4xx_HAL_Driver/Src/stm32g4xx_hal_comp.o
 .text.LL_EXTI_DisableIT_0_31
                0x0000000008000728       0x28 Drivers/STM32G4xx_HAL_Driver/Src/stm32g4xx_hal_comp.o
 .text.LL_EXTI_EnableEvent_0_31
                0x0000000008000750       0x24 Drivers/STM32G4xx_HAL_Driver/Src/stm32g4xx_hal_comp.o
 .text.LL_EXTI_DisableEvent_0_31
                0x0000000008000774       0x28 Drivers/STM32G4xx_HAL_Driver/Src/stm32g4xx_hal_comp.o
 .text.LL_EXTI_EnableRisingTrig_0_31
                0x000000000800079c       0x24 Drivers/STM32G4xx_HAL_Driver/Src/stm32g4xx_hal_comp.o
 .text.LL_EXTI_DisableRisingTrig_0_31
                0x00000000080007c0       0x28 Drivers/STM32G4xx_HAL_Driver/Src/stm32g4xx_hal_comp.o
 .text.LL_EXTI_EnableFallingTrig_0_31
                0x00000000080007e8       0x24 Drivers/STM32G4xx_HAL_Driver/Src/stm32g4xx_hal_comp.o
 .text.LL_EXTI_DisableFallingTrig_0_31
                0x000000000800080c       0x28 Drivers/STM32G4xx_HAL_Driver/Src/stm32g4xx_hal_comp.o
 .text.LL_EXTI_ClearFlag_0_31
                0x0000000008000834       0x20 Drivers/STM32G4xx_HAL_Driver/Src/stm32g4xx_hal_comp.o
 .text.HAL_COMP_Init
                0x0000000008000854      0x1b8 Drivers/STM32G4xx_HAL_Driver/Src/stm32g4xx_hal_comp.o
                0x0000000008000854                HAL_COMP_Init
 .text.__NVIC_SetPriorityGrouping
                0x0000000008000a0c       0x48 Drivers/STM32G4xx_HAL_Driver/Src/stm32g4xx_hal_cortex.o
 .text.__NVIC_GetPriorityGrouping
                0x0000000008000a54       0x1c Drivers/STM32G4xx_HAL_Driver/Src/stm32g4xx_hal_cortex.o
 .text.__NVIC_EnableIRQ
                0x0000000008000a70       0x3c Drivers/STM32G4xx_HAL_Driver/Src/stm32g4xx_hal_cortex.o
 .text.__NVIC_SetPriority
                0x0000000008000aac       0x54 Drivers/STM32G4xx_HAL_Driver/Src/stm32g4xx_hal_cortex.o
 .text.NVIC_EncodePriority
                0x0000000008000b00       0x66 Drivers/STM32G4xx_HAL_Driver/Src/stm32g4xx_hal_cortex.o
 *fill*         0x0000000008000b66        0x2 
 .text.SysTick_Config
                0x0000000008000b68       0x44 Drivers/STM32G4xx_HAL_Driver/Src/stm32g4xx_hal_cortex.o
 .text.HAL_NVIC_SetPriorityGrouping
                0x0000000008000bac       0x16 Drivers/STM32G4xx_HAL_Driver/Src/stm32g4xx_hal_cortex.o
                0x0000000008000bac                HAL_NVIC_SetPriorityGrouping
 .text.HAL_NVIC_SetPriority
                0x0000000008000bc2       0x34 Drivers/STM32G4xx_HAL_Driver/Src/stm32g4xx_hal_cortex.o
                0x0000000008000bc2                HAL_NVIC_SetPriority
 .text.HAL_NVIC_EnableIRQ
                0x0000000008000bf6       0x1c Drivers/STM32G4xx_HAL_Driver/Src/stm32g4xx_hal_cortex.o
                0x0000000008000bf6                HAL_NVIC_EnableIRQ
 .text.HAL_SYSTICK_Config
                0x0000000008000c12       0x18 Drivers/STM32G4xx_HAL_Driver/Src/stm32g4xx_hal_cortex.o
                0x0000000008000c12                HAL_SYSTICK_Config
 *fill*         0x0000000008000c2a        0x2 
 .text.HAL_DMA_Init
                0x0000000008000c2c      0x150 Drivers/STM32G4xx_HAL_Driver/Src/stm32g4xx_hal_dma.o
                0x0000000008000c2c                HAL_DMA_Init
 .text.HAL_DMA_Start_IT
                0x0000000008000d7c       0xf6 Drivers/STM32G4xx_HAL_Driver/Src/stm32g4xx_hal_dma.o
                0x0000000008000d7c                HAL_DMA_Start_IT
 .text.HAL_DMA_Abort_IT
                0x0000000008000e72       0xce Drivers/STM32G4xx_HAL_Driver/Src/stm32g4xx_hal_dma.o
                0x0000000008000e72                HAL_DMA_Abort_IT
 .text.HAL_DMA_IRQHandler
                0x0000000008000f40      0x15e Drivers/STM32G4xx_HAL_Driver/Src/stm32g4xx_hal_dma.o
                0x0000000008000f40                HAL_DMA_IRQHandler
 .text.DMA_SetConfig
                0x000000000800109e       0x7c Drivers/STM32G4xx_HAL_Driver/Src/stm32g4xx_hal_dma.o
 *fill*         0x000000000800111a        0x2 
 .text.DMA_CalcDMAMUXChannelBaseAndMask
                0x000000000800111c       0x7c Drivers/STM32G4xx_HAL_Driver/Src/stm32g4xx_hal_dma.o
 .text.DMA_CalcDMAMUXRequestGenBaseAndMask
                0x0000000008001198       0x48 Drivers/STM32G4xx_HAL_Driver/Src/stm32g4xx_hal_dma.o
 .text.HAL_GPIO_Init
                0x00000000080011e0      0x304 Drivers/STM32G4xx_HAL_Driver/Src/stm32g4xx_hal_gpio.o
                0x00000000080011e0                HAL_GPIO_Init
 .text.HAL_GPIO_WritePin
                0x00000000080014e4       0x30 Drivers/STM32G4xx_HAL_Driver/Src/stm32g4xx_hal_gpio.o
                0x00000000080014e4                HAL_GPIO_WritePin
 .text.HAL_I2C_Init
                0x0000000008001514      0x11e Drivers/STM32G4xx_HAL_Driver/Src/stm32g4xx_hal_i2c.o
                0x0000000008001514                HAL_I2C_Init
 .text.HAL_I2CEx_ConfigAnalogFilter
                0x0000000008001632       0x96 Drivers/STM32G4xx_HAL_Driver/Src/stm32g4xx_hal_i2c_ex.o
                0x0000000008001632                HAL_I2CEx_ConfigAnalogFilter
 .text.HAL_I2CEx_ConfigDigitalFilter
                0x00000000080016c8       0x98 Drivers/STM32G4xx_HAL_Driver/Src/stm32g4xx_hal_i2c_ex.o
                0x00000000080016c8                HAL_I2CEx_ConfigDigitalFilter
 .text.HAL_PCD_Init
                0x0000000008001760      0x176 Drivers/STM32G4xx_HAL_Driver/Src/stm32g4xx_hal_pcd.o
                0x0000000008001760                HAL_PCD_Init
 .text.HAL_PCD_Start
                0x00000000080018d6       0x44 Drivers/STM32G4xx_HAL_Driver/Src/stm32g4xx_hal_pcd.o
                0x00000000080018d6                HAL_PCD_Start
 .text.HAL_PCD_IRQHandler
                0x000000000800191a      0x2b2 Drivers/STM32G4xx_HAL_Driver/Src/stm32g4xx_hal_pcd.o
                0x000000000800191a                HAL_PCD_IRQHandler
 .text.HAL_PCD_SetAddress
                0x0000000008001bcc       0x4a Drivers/STM32G4xx_HAL_Driver/Src/stm32g4xx_hal_pcd.o
                0x0000000008001bcc                HAL_PCD_SetAddress
 .text.HAL_PCD_EP_Open
                0x0000000008001c16       0xc0 Drivers/STM32G4xx_HAL_Driver/Src/stm32g4xx_hal_pcd.o
                0x0000000008001c16                HAL_PCD_EP_Open
 .text.HAL_PCD_EP_Close
                0x0000000008001cd6       0x84 Drivers/STM32G4xx_HAL_Driver/Src/stm32g4xx_hal_pcd.o
                0x0000000008001cd6                HAL_PCD_EP_Close
 .text.HAL_PCD_EP_Receive
                0x0000000008001d5a       0x74 Drivers/STM32G4xx_HAL_Driver/Src/stm32g4xx_hal_pcd.o
                0x0000000008001d5a                HAL_PCD_EP_Receive
 .text.HAL_PCD_EP_GetRxCount
                0x0000000008001dce       0x2a Drivers/STM32G4xx_HAL_Driver/Src/stm32g4xx_hal_pcd.o
                0x0000000008001dce                HAL_PCD_EP_GetRxCount
 .text.HAL_PCD_EP_Transmit
                0x0000000008001df8       0x72 Drivers/STM32G4xx_HAL_Driver/Src/stm32g4xx_hal_pcd.o
                0x0000000008001df8                HAL_PCD_EP_Transmit
 .text.HAL_PCD_EP_SetStall
                0x0000000008001e6a       0xb4 Drivers/STM32G4xx_HAL_Driver/Src/stm32g4xx_hal_pcd.o
                0x0000000008001e6a                HAL_PCD_EP_SetStall
 .text.HAL_PCD_EP_ClrStall
                0x0000000008001f1e       0x9c Drivers/STM32G4xx_HAL_Driver/Src/stm32g4xx_hal_pcd.o
                0x0000000008001f1e                HAL_PCD_EP_ClrStall
 *fill*         0x0000000008001fba        0x2 
 .text.PCD_EP_ISR_Handler
                0x0000000008001fbc      0x518 Drivers/STM32G4xx_HAL_Driver/Src/stm32g4xx_hal_pcd.o
 .text.HAL_PCDEx_PMAConfig
                0x00000000080024d4       0x7a Drivers/STM32G4xx_HAL_Driver/Src/stm32g4xx_hal_pcd_ex.o
                0x00000000080024d4                HAL_PCDEx_PMAConfig
 .text.HAL_PCDEx_ActivateLPM
                0x000000000800254e       0x54 Drivers/STM32G4xx_HAL_Driver/Src/stm32g4xx_hal_pcd_ex.o
                0x000000000800254e                HAL_PCDEx_ActivateLPM
 *fill*         0x00000000080025a2        0x2 
 .text.HAL_PWREx_ControlVoltageScaling
                0x00000000080025a4      0x148 Drivers/STM32G4xx_HAL_Driver/Src/stm32g4xx_hal_pwr_ex.o
                0x00000000080025a4                HAL_PWREx_ControlVoltageScaling
 .text.HAL_RCC_OscConfig
                0x00000000080026ec      0x630 Drivers/STM32G4xx_HAL_Driver/Src/stm32g4xx_hal_rcc.o
                0x00000000080026ec                HAL_RCC_OscConfig
 .text.HAL_RCC_ClockConfig
                0x0000000008002d1c      0x278 Drivers/STM32G4xx_HAL_Driver/Src/stm32g4xx_hal_rcc.o
                0x0000000008002d1c                HAL_RCC_ClockConfig
 .text.HAL_RCC_GetSysClockFreq
                0x0000000008002f94       0xc4 Drivers/STM32G4xx_HAL_Driver/Src/stm32g4xx_hal_rcc.o
                0x0000000008002f94                HAL_RCC_GetSysClockFreq
 .text.HAL_RCC_GetHCLKFreq
                0x0000000008003058       0x18 Drivers/STM32G4xx_HAL_Driver/Src/stm32g4xx_hal_rcc.o
                0x0000000008003058                HAL_RCC_GetHCLKFreq
 .text.HAL_RCC_GetPCLK1Freq
                0x0000000008003070       0x2c Drivers/STM32G4xx_HAL_Driver/Src/stm32g4xx_hal_rcc.o
                0x0000000008003070                HAL_RCC_GetPCLK1Freq
 .text.HAL_RCC_GetPCLK2Freq
                0x000000000800309c       0x2c Drivers/STM32G4xx_HAL_Driver/Src/stm32g4xx_hal_rcc.o
                0x000000000800309c                HAL_RCC_GetPCLK2Freq
 .text.RCC_GetSysClockFreqFromPLLSource
                0x00000000080030c8       0x8c Drivers/STM32G4xx_HAL_Driver/Src/stm32g4xx_hal_rcc.o
 .text.HAL_RCCEx_PeriphCLKConfig
                0x0000000008003154      0x3e0 Drivers/STM32G4xx_HAL_Driver/Src/stm32g4xx_hal_rcc_ex.o
                0x0000000008003154                HAL_RCCEx_PeriphCLKConfig
 .text.HAL_TIM_Base_Init
                0x0000000008003534       0x56 Drivers/STM32G4xx_HAL_Driver/Src/stm32g4xx_hal_tim.o
                0x0000000008003534                HAL_TIM_Base_Init
 *fill*         0x000000000800358a        0x2 
 .text.HAL_TIM_Base_Start_IT
                0x000000000800358c       0x54 Drivers/STM32G4xx_HAL_Driver/Src/stm32g4xx_hal_tim.o
                0x000000000800358c                HAL_TIM_Base_Start_IT
 .text.HAL_TIM_PWM_Init
                0x00000000080035e0       0x56 Drivers/STM32G4xx_HAL_Driver/Src/stm32g4xx_hal_tim.o
                0x00000000080035e0                HAL_TIM_PWM_Init
 .text.HAL_TIM_PWM_MspInit
                0x0000000008003636       0x14 Drivers/STM32G4xx_HAL_Driver/Src/stm32g4xx_hal_tim.o
                0x0000000008003636                HAL_TIM_PWM_MspInit
 *fill*         0x000000000800364a        0x2 
 .text.HAL_TIM_PWM_Start
                0x000000000800364c       0xb0 Drivers/STM32G4xx_HAL_Driver/Src/stm32g4xx_hal_tim.o
                0x000000000800364c                HAL_TIM_PWM_Start
 .text.HAL_TIM_OnePulse_Init
                0x00000000080036fc       0x78 Drivers/STM32G4xx_HAL_Driver/Src/stm32g4xx_hal_tim.o
                0x00000000080036fc                HAL_TIM_OnePulse_Init
 .text.HAL_TIM_OnePulse_MspInit
                0x0000000008003774       0x14 Drivers/STM32G4xx_HAL_Driver/Src/stm32g4xx_hal_tim.o
                0x0000000008003774                HAL_TIM_OnePulse_MspInit
 .text.HAL_TIM_IRQHandler
                0x0000000008003788      0x2fe Drivers/STM32G4xx_HAL_Driver/Src/stm32g4xx_hal_tim.o
                0x0000000008003788                HAL_TIM_IRQHandler
 *fill*         0x0000000008003a86        0x2 
 .text.HAL_TIM_PWM_ConfigChannel
                0x0000000008003a88      0x230 Drivers/STM32G4xx_HAL_Driver/Src/stm32g4xx_hal_tim.o
                0x0000000008003a88                HAL_TIM_PWM_ConfigChannel
 .text.HAL_TIM_ConfigClockSource
                0x0000000008003cb8      0x1bc Drivers/STM32G4xx_HAL_Driver/Src/stm32g4xx_hal_tim.o
                0x0000000008003cb8                HAL_TIM_ConfigClockSource
 .text.HAL_TIM_PeriodElapsedCallback
                0x0000000008003e74       0x14 Drivers/STM32G4xx_HAL_Driver/Src/stm32g4xx_hal_tim.o
                0x0000000008003e74                HAL_TIM_PeriodElapsedCallback
 .text.HAL_TIM_OC_DelayElapsedCallback
                0x0000000008003e88       0x14 Drivers/STM32G4xx_HAL_Driver/Src/stm32g4xx_hal_tim.o
                0x0000000008003e88                HAL_TIM_OC_DelayElapsedCallback
 .text.HAL_TIM_IC_CaptureCallback
                0x0000000008003e9c       0x14 Drivers/STM32G4xx_HAL_Driver/Src/stm32g4xx_hal_tim.o
                0x0000000008003e9c                HAL_TIM_IC_CaptureCallback
 .text.HAL_TIM_PWM_PulseFinishedCallback
                0x0000000008003eb0       0x14 Drivers/STM32G4xx_HAL_Driver/Src/stm32g4xx_hal_tim.o
                0x0000000008003eb0                HAL_TIM_PWM_PulseFinishedCallback
 .text.HAL_TIM_TriggerCallback
                0x0000000008003ec4       0x14 Drivers/STM32G4xx_HAL_Driver/Src/stm32g4xx_hal_tim.o
                0x0000000008003ec4                HAL_TIM_TriggerCallback
 .text.HAL_TIM_ErrorCallback
                0x0000000008003ed8       0x14 Drivers/STM32G4xx_HAL_Driver/Src/stm32g4xx_hal_tim.o
                0x0000000008003ed8                HAL_TIM_ErrorCallback
 .text.TIM_DMAError
                0x0000000008003eec       0x24 Drivers/STM32G4xx_HAL_Driver/Src/stm32g4xx_hal_tim.o
                0x0000000008003eec                TIM_DMAError
 .text.TIM_Base_SetConfig
                0x0000000008003f10      0x120 Drivers/STM32G4xx_HAL_Driver/Src/stm32g4xx_hal_tim.o
                0x0000000008003f10                TIM_Base_SetConfig
 .text.TIM_OC1_SetConfig
                0x0000000008004030      0x120 Drivers/STM32G4xx_HAL_Driver/Src/stm32g4xx_hal_tim.o
 .text.TIM_OC2_SetConfig
                0x0000000008004150      0x114 Drivers/STM32G4xx_HAL_Driver/Src/stm32g4xx_hal_tim.o
                0x0000000008004150                TIM_OC2_SetConfig
 .text.TIM_OC3_SetConfig
                0x0000000008004264      0x110 Drivers/STM32G4xx_HAL_Driver/Src/stm32g4xx_hal_tim.o
 .text.TIM_OC4_SetConfig
                0x0000000008004374      0x114 Drivers/STM32G4xx_HAL_Driver/Src/stm32g4xx_hal_tim.o
 .text.TIM_OC5_SetConfig
                0x0000000008004488       0xc8 Drivers/STM32G4xx_HAL_Driver/Src/stm32g4xx_hal_tim.o
 .text.TIM_OC6_SetConfig
                0x0000000008004550       0xcc Drivers/STM32G4xx_HAL_Driver/Src/stm32g4xx_hal_tim.o
 .text.TIM_TI1_ConfigInputStage
                0x000000000800461c       0x5e Drivers/STM32G4xx_HAL_Driver/Src/stm32g4xx_hal_tim.o
 .text.TIM_TI2_ConfigInputStage
                0x000000000800467a       0x60 Drivers/STM32G4xx_HAL_Driver/Src/stm32g4xx_hal_tim.o
 .text.TIM_ITRx_SetConfig
                0x00000000080046da       0x3a Drivers/STM32G4xx_HAL_Driver/Src/stm32g4xx_hal_tim.o
 .text.TIM_ETR_SetConfig
                0x0000000008004714       0x40 Drivers/STM32G4xx_HAL_Driver/Src/stm32g4xx_hal_tim.o
                0x0000000008004714                TIM_ETR_SetConfig
 .text.TIM_CCxChannelCmd
                0x0000000008004754       0x4a Drivers/STM32G4xx_HAL_Driver/Src/stm32g4xx_hal_tim.o
                0x0000000008004754                TIM_CCxChannelCmd
 *fill*         0x000000000800479e        0x2 
 .text.HAL_TIMEx_PWMN_Start
                0x00000000080047a0       0x60 Drivers/STM32G4xx_HAL_Driver/Src/stm32g4xx_hal_tim_ex.o
                0x00000000080047a0                HAL_TIMEx_PWMN_Start
 .text.HAL_TIMEx_MasterConfigSynchronization
                0x0000000008004800       0xbc Drivers/STM32G4xx_HAL_Driver/Src/stm32g4xx_hal_tim_ex.o
                0x0000000008004800                HAL_TIMEx_MasterConfigSynchronization
 .text.HAL_TIMEx_ConfigBreakDeadTime
                0x00000000080048bc      0x140 Drivers/STM32G4xx_HAL_Driver/Src/stm32g4xx_hal_tim_ex.o
                0x00000000080048bc                HAL_TIMEx_ConfigBreakDeadTime
 .text.HAL_TIMEx_CommutCallback
                0x00000000080049fc       0x14 Drivers/STM32G4xx_HAL_Driver/Src/stm32g4xx_hal_tim_ex.o
                0x00000000080049fc                HAL_TIMEx_CommutCallback
 .text.HAL_TIMEx_BreakCallback
                0x0000000008004a10       0x14 Drivers/STM32G4xx_HAL_Driver/Src/stm32g4xx_hal_tim_ex.o
                0x0000000008004a10                HAL_TIMEx_BreakCallback
 .text.HAL_TIMEx_Break2Callback
                0x0000000008004a24       0x14 Drivers/STM32G4xx_HAL_Driver/Src/stm32g4xx_hal_tim_ex.o
                0x0000000008004a24                HAL_TIMEx_Break2Callback
 .text.HAL_TIMEx_EncoderIndexCallback
                0x0000000008004a38       0x14 Drivers/STM32G4xx_HAL_Driver/Src/stm32g4xx_hal_tim_ex.o
                0x0000000008004a38                HAL_TIMEx_EncoderIndexCallback
 .text.HAL_TIMEx_DirectionChangeCallback
                0x0000000008004a4c       0x14 Drivers/STM32G4xx_HAL_Driver/Src/stm32g4xx_hal_tim_ex.o
                0x0000000008004a4c                HAL_TIMEx_DirectionChangeCallback
 .text.HAL_TIMEx_IndexErrorCallback
                0x0000000008004a60       0x14 Drivers/STM32G4xx_HAL_Driver/Src/stm32g4xx_hal_tim_ex.o
                0x0000000008004a60                HAL_TIMEx_IndexErrorCallback
 .text.HAL_TIMEx_TransitionErrorCallback
                0x0000000008004a74       0x14 Drivers/STM32G4xx_HAL_Driver/Src/stm32g4xx_hal_tim_ex.o
                0x0000000008004a74                HAL_TIMEx_TransitionErrorCallback
 .text.TIM_CCxNChannelCmd
                0x0000000008004a88       0x4a Drivers/STM32G4xx_HAL_Driver/Src/stm32g4xx_hal_tim_ex.o
 .text.HAL_UART_Init
                0x0000000008004ad2       0xa0 Drivers/STM32G4xx_HAL_Driver/Src/stm32g4xx_hal_uart.o
                0x0000000008004ad2                HAL_UART_Init
 *fill*         0x0000000008004b72        0x2 
 .text.HAL_UART_Receive_IT
                0x0000000008004b74      0x1b0 Drivers/STM32G4xx_HAL_Driver/Src/stm32g4xx_hal_uart.o
                0x0000000008004b74                HAL_UART_Receive_IT
 .text.HAL_UART_Transmit_DMA
                0x0000000008004d24      0x100 Drivers/STM32G4xx_HAL_Driver/Src/stm32g4xx_hal_uart.o
                0x0000000008004d24                HAL_UART_Transmit_DMA
 .text.HAL_UART_IRQHandler
                0x0000000008004e24      0x2cc Drivers/STM32G4xx_HAL_Driver/Src/stm32g4xx_hal_uart.o
                0x0000000008004e24                HAL_UART_IRQHandler
 .text.HAL_UART_TxCpltCallback
                0x00000000080050f0       0x14 Drivers/STM32G4xx_HAL_Driver/Src/stm32g4xx_hal_uart.o
                0x00000000080050f0                HAL_UART_TxCpltCallback
 .text.HAL_UART_TxHalfCpltCallback
                0x0000000008005104       0x14 Drivers/STM32G4xx_HAL_Driver/Src/stm32g4xx_hal_uart.o
                0x0000000008005104                HAL_UART_TxHalfCpltCallback
 .text.HAL_UART_ErrorCallback
                0x0000000008005118       0x14 Drivers/STM32G4xx_HAL_Driver/Src/stm32g4xx_hal_uart.o
                0x0000000008005118                HAL_UART_ErrorCallback
 *fill*         0x000000000800512c        0x4 
 .text.UART_SetConfig
                0x0000000008005130     0x1374 Drivers/STM32G4xx_HAL_Driver/Src/stm32g4xx_hal_uart.o
                0x0000000008005130                UART_SetConfig
 .text.UART_AdvFeatureConfig
                0x00000000080064a4      0x144 Drivers/STM32G4xx_HAL_Driver/Src/stm32g4xx_hal_uart.o
                0x00000000080064a4                UART_AdvFeatureConfig
 .text.UART_CheckIdleState
                0x00000000080065e8       0x90 Drivers/STM32G4xx_HAL_Driver/Src/stm32g4xx_hal_uart.o
                0x00000000080065e8                UART_CheckIdleState
 .text.UART_WaitOnFlagUntilTimeout
                0x0000000008006678       0x94 Drivers/STM32G4xx_HAL_Driver/Src/stm32g4xx_hal_uart.o
                0x0000000008006678                UART_WaitOnFlagUntilTimeout
 .text.UART_EndTxTransfer
                0x000000000800670c       0x3c Drivers/STM32G4xx_HAL_Driver/Src/stm32g4xx_hal_uart.o
 .text.UART_EndRxTransfer
                0x0000000008006748       0x46 Drivers/STM32G4xx_HAL_Driver/Src/stm32g4xx_hal_uart.o
 .text.UART_DMATransmitCplt
                0x000000000800678e       0x54 Drivers/STM32G4xx_HAL_Driver/Src/stm32g4xx_hal_uart.o
 .text.UART_DMATxHalfCplt
                0x00000000080067e2       0x1c Drivers/STM32G4xx_HAL_Driver/Src/stm32g4xx_hal_uart.o
 .text.UART_DMAError
                0x00000000080067fe       0x80 Drivers/STM32G4xx_HAL_Driver/Src/stm32g4xx_hal_uart.o
 .text.UART_DMAAbortOnError
                0x000000000800687e       0x2c Drivers/STM32G4xx_HAL_Driver/Src/stm32g4xx_hal_uart.o
 .text.UART_EndTransmit_IT
                0x00000000080068aa       0x34 Drivers/STM32G4xx_HAL_Driver/Src/stm32g4xx_hal_uart.o
 .text.UART_RxISR_8BIT
                0x00000000080068de       0xaa Drivers/STM32G4xx_HAL_Driver/Src/stm32g4xx_hal_uart.o
 .text.UART_RxISR_16BIT
                0x0000000008006988       0xaa Drivers/STM32G4xx_HAL_Driver/Src/stm32g4xx_hal_uart.o
 *fill*         0x0000000008006a32        0x2 
 .text.UART_RxISR_8BIT_FIFOEN
                0x0000000008006a34      0x108 Drivers/STM32G4xx_HAL_Driver/Src/stm32g4xx_hal_uart.o
 .text.UART_RxISR_16BIT_FIFOEN
                0x0000000008006b3c      0x108 Drivers/STM32G4xx_HAL_Driver/Src/stm32g4xx_hal_uart.o
 .text.HAL_UARTEx_WakeupCallback
                0x0000000008006c44       0x14 Drivers/STM32G4xx_HAL_Driver/Src/stm32g4xx_hal_uart_ex.o
                0x0000000008006c44                HAL_UARTEx_WakeupCallback
 .text.HAL_UARTEx_RxFifoFullCallback
                0x0000000008006c58       0x14 Drivers/STM32G4xx_HAL_Driver/Src/stm32g4xx_hal_uart_ex.o
                0x0000000008006c58                HAL_UARTEx_RxFifoFullCallback
 .text.HAL_UARTEx_TxFifoEmptyCallback
                0x0000000008006c6c       0x14 Drivers/STM32G4xx_HAL_Driver/Src/stm32g4xx_hal_uart_ex.o
                0x0000000008006c6c                HAL_UARTEx_TxFifoEmptyCallback
 .text.HAL_UARTEx_DisableFifoMode
                0x0000000008006c80       0x72 Drivers/STM32G4xx_HAL_Driver/Src/stm32g4xx_hal_uart_ex.o
                0x0000000008006c80                HAL_UARTEx_DisableFifoMode
 .text.HAL_UARTEx_SetTxFifoThreshold
                0x0000000008006cf2       0x7c Drivers/STM32G4xx_HAL_Driver/Src/stm32g4xx_hal_uart_ex.o
                0x0000000008006cf2                HAL_UARTEx_SetTxFifoThreshold
 .text.HAL_UARTEx_SetRxFifoThreshold
                0x0000000008006d6e       0x7c Drivers/STM32G4xx_HAL_Driver/Src/stm32g4xx_hal_uart_ex.o
                0x0000000008006d6e                HAL_UARTEx_SetRxFifoThreshold
 *fill*         0x0000000008006dea        0x2 
 .text.UARTEx_SetNbDataToProcess
                0x0000000008006dec       0xd0 Drivers/STM32G4xx_HAL_Driver/Src/stm32g4xx_hal_uart_ex.o
 .text.USB_EnableGlobalInt
                0x0000000008006ebc       0x30 Drivers/STM32G4xx_HAL_Driver/Src/stm32g4xx_ll_usb.o
                0x0000000008006ebc                USB_EnableGlobalInt
 .text.USB_DisableGlobalInt
                0x0000000008006eec       0x3a Drivers/STM32G4xx_HAL_Driver/Src/stm32g4xx_ll_usb.o
                0x0000000008006eec                USB_DisableGlobalInt
 .text.USB_DevInit
                0x0000000008006f26       0x48 Drivers/STM32G4xx_HAL_Driver/Src/stm32g4xx_ll_usb.o
                0x0000000008006f26                USB_DevInit
 *fill*         0x0000000008006f6e        0x2 
 .text.USB_ActivateEndpoint
                0x0000000008006f70      0x5e0 Drivers/STM32G4xx_HAL_Driver/Src/stm32g4xx_ll_usb.o
                0x0000000008006f70                USB_ActivateEndpoint
 .text.USB_DeactivateEndpoint
                0x0000000008007550      0x32c Drivers/STM32G4xx_HAL_Driver/Src/stm32g4xx_ll_usb.o
                0x0000000008007550                USB_DeactivateEndpoint
 .text.USB_EPStartXfer
                0x000000000800787c      0x570 Drivers/STM32G4xx_HAL_Driver/Src/stm32g4xx_ll_usb.o
                0x000000000800787c                USB_EPStartXfer
 .text.USB_EPSetStall
                0x0000000008007dec       0x84 Drivers/STM32G4xx_HAL_Driver/Src/stm32g4xx_ll_usb.o
                0x0000000008007dec                USB_EPSetStall
 .text.USB_EPClearStall
                0x0000000008007e70      0x128 Drivers/STM32G4xx_HAL_Driver/Src/stm32g4xx_ll_usb.o
                0x0000000008007e70                USB_EPClearStall
 .text.USB_SetDevAddress
                0x0000000008007f98       0x28 Drivers/STM32G4xx_HAL_Driver/Src/stm32g4xx_ll_usb.o
                0x0000000008007f98                USB_SetDevAddress
 .text.USB_DevConnect
                0x0000000008007fc0       0x2e Drivers/STM32G4xx_HAL_Driver/Src/stm32g4xx_ll_usb.o
                0x0000000008007fc0                USB_DevConnect
 .text.USB_ReadInterrupts
                0x0000000008007fee       0x20 Drivers/STM32G4xx_HAL_Driver/Src/stm32g4xx_ll_usb.o
                0x0000000008007fee                USB_ReadInterrupts
 .text.USB_EP0_OutStart
                0x000000000800800e       0x18 Drivers/STM32G4xx_HAL_Driver/Src/stm32g4xx_ll_usb.o
                0x000000000800800e                USB_EP0_OutStart
 .text.USB_WritePMA
                0x0000000008008026       0x82 Drivers/STM32G4xx_HAL_Driver/Src/stm32g4xx_ll_usb.o
                0x0000000008008026                USB_WritePMA
 .text.USB_ReadPMA
                0x00000000080080a8       0x98 Drivers/STM32G4xx_HAL_Driver/Src/stm32g4xx_ll_usb.o
                0x00000000080080a8                USB_ReadPMA
 .text.USBD_CDC_Init
                0x0000000008008140       0xf4 Middlewares/ST/STM32_USB_Device_Library/Class/CDC/Src/usbd_cdc.o
 .text.USBD_CDC_DeInit
                0x0000000008008234       0x6e Middlewares/ST/STM32_USB_Device_Library/Class/CDC/Src/usbd_cdc.o
 .text.USBD_CDC_Setup
                0x00000000080082a2      0x140 Middlewares/ST/STM32_USB_Device_Library/Class/CDC/Src/usbd_cdc.o
 .text.USBD_CDC_DataIn
                0x00000000080083e2       0xa0 Middlewares/ST/STM32_USB_Device_Library/Class/CDC/Src/usbd_cdc.o
 .text.USBD_CDC_DataOut
                0x0000000008008482       0x56 Middlewares/ST/STM32_USB_Device_Library/Class/CDC/Src/usbd_cdc.o
 .text.USBD_CDC_EP0_RxReady
                0x00000000080084d8       0x50 Middlewares/ST/STM32_USB_Device_Library/Class/CDC/Src/usbd_cdc.o
 .text.USBD_CDC_GetFSCfgDesc
                0x0000000008008528       0x20 Middlewares/ST/STM32_USB_Device_Library/Class/CDC/Src/usbd_cdc.o
 .text.USBD_CDC_GetHSCfgDesc
                0x0000000008008548       0x20 Middlewares/ST/STM32_USB_Device_Library/Class/CDC/Src/usbd_cdc.o
 .text.USBD_CDC_GetOtherSpeedCfgDesc
                0x0000000008008568       0x20 Middlewares/ST/STM32_USB_Device_Library/Class/CDC/Src/usbd_cdc.o
 .text.USBD_CDC_GetDeviceQualifierDescriptor
                0x0000000008008588       0x20 Middlewares/ST/STM32_USB_Device_Library/Class/CDC/Src/usbd_cdc.o
                0x0000000008008588                USBD_CDC_GetDeviceQualifierDescriptor
 .text.USBD_CDC_RegisterInterface
                0x00000000080085a8       0x2e Middlewares/ST/STM32_USB_Device_Library/Class/CDC/Src/usbd_cdc.o
                0x00000000080085a8                USBD_CDC_RegisterInterface
 .text.USBD_CDC_SetTxBuffer
                0x00000000080085d6       0x34 Middlewares/ST/STM32_USB_Device_Library/Class/CDC/Src/usbd_cdc.o
                0x00000000080085d6                USBD_CDC_SetTxBuffer
 .text.USBD_CDC_SetRxBuffer
                0x000000000800860a       0x28 Middlewares/ST/STM32_USB_Device_Library/Class/CDC/Src/usbd_cdc.o
                0x000000000800860a                USBD_CDC_SetRxBuffer
 .text.USBD_CDC_TransmitPacket
                0x0000000008008632       0x5e Middlewares/ST/STM32_USB_Device_Library/Class/CDC/Src/usbd_cdc.o
                0x0000000008008632                USBD_CDC_TransmitPacket
 .text.USBD_CDC_ReceivePacket
                0x0000000008008690       0x54 Middlewares/ST/STM32_USB_Device_Library/Class/CDC/Src/usbd_cdc.o
                0x0000000008008690                USBD_CDC_ReceivePacket
 .text.USBD_Init
                0x00000000080086e4       0x56 Middlewares/ST/STM32_USB_Device_Library/Core/Src/usbd_core.o
                0x00000000080086e4                USBD_Init
 .text.USBD_RegisterClass
                0x000000000800873a       0x34 Middlewares/ST/STM32_USB_Device_Library/Core/Src/usbd_core.o
                0x000000000800873a                USBD_RegisterClass
 .text.USBD_Start
                0x000000000800876e       0x18 Middlewares/ST/STM32_USB_Device_Library/Core/Src/usbd_core.o
                0x000000000800876e                USBD_Start
 .text.USBD_RunTestMode
                0x0000000008008786       0x16 Middlewares/ST/STM32_USB_Device_Library/Core/Src/usbd_core.o
                0x0000000008008786                USBD_RunTestMode
 .text.USBD_SetClassConfig
                0x000000000800879c       0x3e Middlewares/ST/STM32_USB_Device_Library/Core/Src/usbd_core.o
                0x000000000800879c                USBD_SetClassConfig
 .text.USBD_ClrClassConfig
                0x00000000080087da       0x26 Middlewares/ST/STM32_USB_Device_Library/Core/Src/usbd_core.o
                0x00000000080087da                USBD_ClrClassConfig
 .text.USBD_LL_SetupStage
                0x0000000008008800       0x96 Middlewares/ST/STM32_USB_Device_Library/Core/Src/usbd_core.o
                0x0000000008008800                USBD_LL_SetupStage
 .text.USBD_LL_DataOutStage
                0x0000000008008896       0xe2 Middlewares/ST/STM32_USB_Device_Library/Core/Src/usbd_core.o
                0x0000000008008896                USBD_LL_DataOutStage
 .text.USBD_LL_DataInStage
                0x0000000008008978      0x14a Middlewares/ST/STM32_USB_Device_Library/Core/Src/usbd_core.o
                0x0000000008008978                USBD_LL_DataInStage
 .text.USBD_LL_Reset
                0x0000000008008ac2       0x82 Middlewares/ST/STM32_USB_Device_Library/Core/Src/usbd_core.o
                0x0000000008008ac2                USBD_LL_Reset
 .text.USBD_LL_SetSpeed
                0x0000000008008b44       0x20 Middlewares/ST/STM32_USB_Device_Library/Core/Src/usbd_core.o
                0x0000000008008b44                USBD_LL_SetSpeed
 .text.USBD_LL_Suspend
                0x0000000008008b64       0x2a Middlewares/ST/STM32_USB_Device_Library/Core/Src/usbd_core.o
                0x0000000008008b64                USBD_LL_Suspend
 .text.USBD_LL_Resume
                0x0000000008008b8e       0x2c Middlewares/ST/STM32_USB_Device_Library/Core/Src/usbd_core.o
                0x0000000008008b8e                USBD_LL_Resume
 .text.USBD_LL_SOF
                0x0000000008008bba       0x34 Middlewares/ST/STM32_USB_Device_Library/Core/Src/usbd_core.o
                0x0000000008008bba                USBD_LL_SOF
 *fill*         0x0000000008008bee        0x2 
 .text.USBD_StdDevReq
                0x0000000008008bf0       0xd4 Middlewares/ST/STM32_USB_Device_Library/Core/Src/usbd_ctlreq.o
                0x0000000008008bf0                USBD_StdDevReq
 .text.USBD_StdItfReq
                0x0000000008008cc4       0x8c Middlewares/ST/STM32_USB_Device_Library/Core/Src/usbd_ctlreq.o
                0x0000000008008cc4                USBD_StdItfReq
 .text.USBD_StdEPReq
                0x0000000008008d50      0x2ba Middlewares/ST/STM32_USB_Device_Library/Core/Src/usbd_ctlreq.o
                0x0000000008008d50                USBD_StdEPReq
 *fill*         0x000000000800900a        0x2 
 .text.USBD_GetDescriptor
                0x000000000800900c      0x324 Middlewares/ST/STM32_USB_Device_Library/Core/Src/usbd_ctlreq.o
 .text.USBD_SetAddress
                0x0000000008009330       0x84 Middlewares/ST/STM32_USB_Device_Library/Core/Src/usbd_ctlreq.o
 .text.USBD_SetConfig
                0x00000000080093b4      0x11c Middlewares/ST/STM32_USB_Device_Library/Core/Src/usbd_ctlreq.o
 .text.USBD_GetConfig
                0x00000000080094d0       0x68 Middlewares/ST/STM32_USB_Device_Library/Core/Src/usbd_ctlreq.o
 .text.USBD_GetStatus
                0x0000000008009538       0x66 Middlewares/ST/STM32_USB_Device_Library/Core/Src/usbd_ctlreq.o
 .text.USBD_SetFeature
                0x000000000800959e       0x28 Middlewares/ST/STM32_USB_Device_Library/Core/Src/usbd_ctlreq.o
 .text.USBD_ClrFeature
                0x00000000080095c6       0x42 Middlewares/ST/STM32_USB_Device_Library/Core/Src/usbd_ctlreq.o
 .text.USBD_ParseSetupRequest
                0x0000000008009608       0x7a Middlewares/ST/STM32_USB_Device_Library/Core/Src/usbd_ctlreq.o
                0x0000000008009608                USBD_ParseSetupRequest
 .text.USBD_CtlError
                0x0000000008009682       0x22 Middlewares/ST/STM32_USB_Device_Library/Core/Src/usbd_ctlreq.o
                0x0000000008009682                USBD_CtlError
 .text.USBD_GetString
                0x00000000080096a4       0x84 Middlewares/ST/STM32_USB_Device_Library/Core/Src/usbd_ctlreq.o
                0x00000000080096a4                USBD_GetString
 .text.USBD_GetLen
                0x0000000008009728       0x30 Middlewares/ST/STM32_USB_Device_Library/Core/Src/usbd_ctlreq.o
 .text.USBD_CtlSendData
                0x0000000008009758       0x38 Middlewares/ST/STM32_USB_Device_Library/Core/Src/usbd_ioreq.o
                0x0000000008009758                USBD_CtlSendData
 .text.USBD_CtlContinueSendData
                0x0000000008009790       0x24 Middlewares/ST/STM32_USB_Device_Library/Core/Src/usbd_ioreq.o
                0x0000000008009790                USBD_CtlContinueSendData
 .text.USBD_CtlPrepareRx
                0x00000000080097b4       0x3c Middlewares/ST/STM32_USB_Device_Library/Core/Src/usbd_ioreq.o
                0x00000000080097b4                USBD_CtlPrepareRx
 .text.USBD_CtlContinueRx
                0x00000000080097f0       0x24 Middlewares/ST/STM32_USB_Device_Library/Core/Src/usbd_ioreq.o
                0x00000000080097f0                USBD_CtlContinueRx
 .text.USBD_CtlSendStatus
                0x0000000008009814       0x26 Middlewares/ST/STM32_USB_Device_Library/Core/Src/usbd_ioreq.o
                0x0000000008009814                USBD_CtlSendStatus
 .text.USBD_CtlReceiveStatus
                0x000000000800983a       0x26 Middlewares/ST/STM32_USB_Device_Library/Core/Src/usbd_ioreq.o
                0x000000000800983a                USBD_CtlReceiveStatus
 .text.encode_byte
                0x0000000008009860       0x5c Src/DCC_Packets.o
                0x0000000008009860                encode_byte
 .text.encode_throttle
                0x00000000080098bc       0xe8 Src/DCC_Packets.o
                0x00000000080098bc                encode_throttle
 .text.init_bufs
                0x00000000080099a4      0x324 Src/DCC_Packets.o
                0x00000000080099a4                init_bufs
 .text.insert_reset_packet
                0x0000000008009cc8       0x44 Src/DCC_Packets.o
                0x0000000008009cc8                insert_reset_packet
 .text.insert_len3_packet
                0x0000000008009d0c       0x44 Src/DCC_Packets.o
                0x0000000008009d0c                insert_len3_packet
 .text.insert_len4_packet
                0x0000000008009d50       0x44 Src/DCC_Packets.o
                0x0000000008009d50                insert_len4_packet
 .text.one_byte_commands
                0x0000000008009d94      0x184 Src/Parser.o
                0x0000000008009d94                one_byte_commands
 .text.three_bytes_commands
                0x0000000008009f18       0x60 Src/Parser.o
                0x0000000008009f18                three_bytes_commands
 .text.four_bytes_commands
                0x0000000008009f78       0xa0 Src/Parser.o
                0x0000000008009f78                four_bytes_commands
 .text.five_bytes_commands
                0x000000000800a018       0x54 Src/Parser.o
                0x000000000800a018                five_bytes_commands
 .text.parser   0x000000000800a06c      0x11c Src/Parser.o
                0x000000000800a06c                parser
 .text.uart_tx_buffer
                0x000000000800a188       0x34 Src/SimUart.o
                0x000000000800a188                uart_tx_buffer
 .text.usb_tx_buffer
                0x000000000800a1bc       0x2c Src/SimUart.o
                0x000000000800a1bc                usb_tx_buffer
 .text.uart_start
                0x000000000800a1e8       0x24 Src/SimUart.o
                0x000000000800a1e8                uart_start
 .text.HAL_UART_RxCpltCallback
                0x000000000800a20c       0xcc Src/SimUart.o
                0x000000000800a20c                HAL_UART_RxCpltCallback
 .text.USB_UART_RxCpltCallback
                0x000000000800a2d8       0x90 Src/SimUart.o
                0x000000000800a2d8                USB_UART_RxCpltCallback
 .text.fast_DMA_SetConfig
                0x000000000800a368       0x62 Src/TimDMA.o
 .text.fast_HAL_DMA_Start_IT
                0x000000000800a3ca       0x64 Src/TimDMA.o
                0x000000000800a3ca                fast_HAL_DMA_Start_IT
 *fill*         0x000000000800a42e        0x2 
 .text.PWM_Start_DMA_Tim1
                0x000000000800a430       0x70 Src/TimDMA.o
                0x000000000800a430                PWM_Start_DMA_Tim1
 .text.tim6_start
                0x000000000800a4a0       0x34 Src/TimDMA.o
                0x000000000800a4a0                tim6_start
 .text.packet_callback
                0x000000000800a4d4       0x64 Src/main.o
                0x000000000800a4d4                packet_callback
 .text.cutout_callback
                0x000000000800a538       0x60 Src/main.o
                0x000000000800a538                cutout_callback
 .text.debug_flag_pulse
                0x000000000800a598       0x24 Src/main.o
                0x000000000800a598                debug_flag_pulse
 .text.main     0x000000000800a5bc      0x104 Src/main.o
                0x000000000800a5bc                main
 .text.SystemClock_Config
                0x000000000800a6c0       0xd6 Src/main.o
                0x000000000800a6c0                SystemClock_Config
 *fill*         0x000000000800a796        0x2 
 .text.MX_COMP1_Init
                0x000000000800a798       0x50 Src/main.o
 .text.MX_I2C1_Init
                0x000000000800a7e8       0x80 Src/main.o
 .text.MX_TIM1_Init
                0x000000000800a868      0x160 Src/main.o
 .text.MX_TIM6_Init
                0x000000000800a9c8       0x80 Src/main.o
 .text.MX_TIM16_Init
                0x000000000800aa48       0xf8 Src/main.o
 .text.MX_USART2_UART_Init
                0x000000000800ab40       0x98 Src/main.o
 .text.MX_DMA_Init
                0x000000000800abd8       0x64 Src/main.o
 .text.MX_GPIO_Init
                0x000000000800ac3c       0x80 Src/main.o
 .text.Error_Handler
                0x000000000800acbc        0xe Src/main.o
                0x000000000800acbc                Error_Handler
 *fill*         0x000000000800acca        0x2 
 .text.LL_PWR_DisableDeadBatteryPD
                0x000000000800accc       0x20 Src/stm32g4xx_hal_msp.o
 .text.HAL_MspInit
                0x000000000800acec       0x48 Src/stm32g4xx_hal_msp.o
                0x000000000800acec                HAL_MspInit
 .text.HAL_COMP_MspInit
                0x000000000800ad34       0x88 Src/stm32g4xx_hal_msp.o
                0x000000000800ad34                HAL_COMP_MspInit
 .text.HAL_I2C_MspInit
                0x000000000800adbc       0xc4 Src/stm32g4xx_hal_msp.o
                0x000000000800adbc                HAL_I2C_MspInit
 .text.HAL_TIM_Base_MspInit
                0x000000000800ae80      0x10c Src/stm32g4xx_hal_msp.o
                0x000000000800ae80                HAL_TIM_Base_MspInit
 .text.HAL_TIM_MspPostInit
                0x000000000800af8c       0xbc Src/stm32g4xx_hal_msp.o
                0x000000000800af8c                HAL_TIM_MspPostInit
 .text.HAL_UART_MspInit
                0x000000000800b048       0xf0 Src/stm32g4xx_hal_msp.o
                0x000000000800b048                HAL_UART_MspInit
 .text.NMI_Handler
                0x000000000800b138        0xe Src/stm32g4xx_it.o
                0x000000000800b138                NMI_Handler
 .text.HardFault_Handler
                0x000000000800b146        0x6 Src/stm32g4xx_it.o
                0x000000000800b146                HardFault_Handler
 .text.MemManage_Handler
                0x000000000800b14c        0x6 Src/stm32g4xx_it.o
                0x000000000800b14c                MemManage_Handler
 .text.BusFault_Handler
                0x000000000800b152        0x6 Src/stm32g4xx_it.o
                0x000000000800b152                BusFault_Handler
 .text.UsageFault_Handler
                0x000000000800b158        0x6 Src/stm32g4xx_it.o
                0x000000000800b158                UsageFault_Handler
 .text.SVC_Handler
                0x000000000800b15e        0xe Src/stm32g4xx_it.o
                0x000000000800b15e                SVC_Handler
 .text.DebugMon_Handler
                0x000000000800b16c        0xe Src/stm32g4xx_it.o
                0x000000000800b16c                DebugMon_Handler
 .text.PendSV_Handler
                0x000000000800b17a        0xe Src/stm32g4xx_it.o
                0x000000000800b17a                PendSV_Handler
 .text.SysTick_Handler
                0x000000000800b188        0xc Src/stm32g4xx_it.o
                0x000000000800b188                SysTick_Handler
 .text.DMA1_Channel1_IRQHandler
                0x000000000800b194       0x18 Src/stm32g4xx_it.o
                0x000000000800b194                DMA1_Channel1_IRQHandler
 .text.DMA1_Channel2_IRQHandler
                0x000000000800b1ac       0x14 Src/stm32g4xx_it.o
                0x000000000800b1ac                DMA1_Channel2_IRQHandler
 .text.USB_LP_IRQHandler
                0x000000000800b1c0       0x14 Src/stm32g4xx_it.o
                0x000000000800b1c0                USB_LP_IRQHandler
 .text.TIM1_TRG_COM_TIM17_IRQHandler
                0x000000000800b1d4       0x14 Src/stm32g4xx_it.o
                0x000000000800b1d4                TIM1_TRG_COM_TIM17_IRQHandler
 .text.USART2_IRQHandler
                0x000000000800b1e8       0x14 Src/stm32g4xx_it.o
                0x000000000800b1e8                USART2_IRQHandler
 .text.TIM6_DAC_IRQHandler
                0x000000000800b1fc       0x18 Src/stm32g4xx_it.o
                0x000000000800b1fc                TIM6_DAC_IRQHandler
 .text.SystemInit
                0x000000000800b214       0x2c Src/system_stm32g4xx.o
                0x000000000800b214                SystemInit
 .text.MX_USB_Device_Init
                0x000000000800b240       0x60 Src/usb_device.o
                0x000000000800b240                MX_USB_Device_Init
 .text.CDC_Init_FS
                0x000000000800b2a0       0x28 Src/usbd_cdc_if.o
 .text.CDC_DeInit_FS
                0x000000000800b2c8       0x10 Src/usbd_cdc_if.o
 .text.CDC_Control_FS
                0x000000000800b2d8       0xbc Src/usbd_cdc_if.o
 .text.CDC_Receive_FS
                0x000000000800b394       0x48 Src/usbd_cdc_if.o
 .text.CDC_Transmit_FS
                0x000000000800b3dc       0x4c Src/usbd_cdc_if.o
                0x000000000800b3dc                CDC_Transmit_FS
 .text.HAL_PCD_MspInit
                0x000000000800b428       0x4c Src/usbd_conf.o
                0x000000000800b428                HAL_PCD_MspInit
 .text.HAL_PCD_SetupStageCallback
                0x000000000800b474       0x24 Src/usbd_conf.o
                0x000000000800b474                HAL_PCD_SetupStageCallback
 .text.HAL_PCD_DataOutStageCallback
                0x000000000800b498       0x30 Src/usbd_conf.o
                0x000000000800b498                HAL_PCD_DataOutStageCallback
 .text.HAL_PCD_DataInStageCallback
                0x000000000800b4c8       0x2e Src/usbd_conf.o
                0x000000000800b4c8                HAL_PCD_DataInStageCallback
 .text.HAL_PCD_SOFCallback
                0x000000000800b4f6       0x1c Src/usbd_conf.o
                0x000000000800b4f6                HAL_PCD_SOFCallback
 .text.HAL_PCD_ResetCallback
                0x000000000800b512       0x3c Src/usbd_conf.o
                0x000000000800b512                HAL_PCD_ResetCallback
 *fill*         0x000000000800b54e        0x2 
 .text.HAL_PCD_SuspendCallback
                0x000000000800b550       0x34 Src/usbd_conf.o
                0x000000000800b550                HAL_PCD_SuspendCallback
 .text.HAL_PCD_ResumeCallback
                0x000000000800b584       0x38 Src/usbd_conf.o
                0x000000000800b584                HAL_PCD_ResumeCallback
 .text.USBD_LL_Init
                0x000000000800b5bc       0xc0 Src/usbd_conf.o
                0x000000000800b5bc                USBD_LL_Init
 .text.USBD_LL_Start
                0x000000000800b67c       0x36 Src/usbd_conf.o
                0x000000000800b67c                USBD_LL_Start
 .text.USBD_LL_OpenEP
                0x000000000800b6b2       0x4c Src/usbd_conf.o
                0x000000000800b6b2                USBD_LL_OpenEP
 .text.USBD_LL_CloseEP
                0x000000000800b6fe       0x3e Src/usbd_conf.o
                0x000000000800b6fe                USBD_LL_CloseEP
 .text.USBD_LL_StallEP
                0x000000000800b73c       0x3e Src/usbd_conf.o
                0x000000000800b73c                USBD_LL_StallEP
 .text.USBD_LL_ClearStallEP
                0x000000000800b77a       0x3e Src/usbd_conf.o
                0x000000000800b77a                USBD_LL_ClearStallEP
 .text.USBD_LL_IsStallEP
                0x000000000800b7b8       0x4c Src/usbd_conf.o
                0x000000000800b7b8                USBD_LL_IsStallEP
 .text.USBD_LL_SetUSBAddress
                0x000000000800b804       0x3e Src/usbd_conf.o
                0x000000000800b804                USBD_LL_SetUSBAddress
 .text.USBD_LL_Transmit
                0x000000000800b842       0x46 Src/usbd_conf.o
                0x000000000800b842                USBD_LL_Transmit
 .text.USBD_LL_PrepareReceive
                0x000000000800b888       0x46 Src/usbd_conf.o
                0x000000000800b888                USBD_LL_PrepareReceive
 .text.USBD_LL_GetRxDataSize
                0x000000000800b8ce       0x26 Src/usbd_conf.o
                0x000000000800b8ce                USBD_LL_GetRxDataSize
 .text.HAL_PCDEx_LPM_Callback
                0x000000000800b8f4       0x6c Src/usbd_conf.o
                0x000000000800b8f4                HAL_PCDEx_LPM_Callback
 .text.USBD_static_malloc
                0x000000000800b960       0x1c Src/usbd_conf.o
                0x000000000800b960                USBD_static_malloc
 .text.USBD_static_free
                0x000000000800b97c       0x14 Src/usbd_conf.o
                0x000000000800b97c                USBD_static_free
 .text.SystemClockConfig_Resume
                0x000000000800b990        0xc Src/usbd_conf.o
 .text.USBD_Get_USB_Status
                0x000000000800b99c       0x58 Src/usbd_conf.o
 .text.USBD_CDC_DeviceDescriptor
                0x000000000800b9f4       0x24 Src/usbd_desc.o
                0x000000000800b9f4                USBD_CDC_DeviceDescriptor
 .text.USBD_CDC_LangIDStrDescriptor
                0x000000000800ba18       0x24 Src/usbd_desc.o
                0x000000000800ba18                USBD_CDC_LangIDStrDescriptor
 .text.USBD_CDC_ProductStrDescriptor
                0x000000000800ba3c       0x3c Src/usbd_desc.o
                0x000000000800ba3c                USBD_CDC_ProductStrDescriptor
 .text.USBD_CDC_ManufacturerStrDescriptor
                0x000000000800ba78       0x28 Src/usbd_desc.o
                0x000000000800ba78                USBD_CDC_ManufacturerStrDescriptor
 .text.USBD_CDC_SerialStrDescriptor
                0x000000000800baa0       0x24 Src/usbd_desc.o
                0x000000000800baa0                USBD_CDC_SerialStrDescriptor
 .text.USBD_CDC_ConfigStrDescriptor
                0x000000000800bac4       0x3c Src/usbd_desc.o
                0x000000000800bac4                USBD_CDC_ConfigStrDescriptor
 .text.USBD_CDC_InterfaceStrDescriptor
                0x000000000800bb00       0x3c Src/usbd_desc.o
                0x000000000800bb00                USBD_CDC_InterfaceStrDescriptor
 .text.Get_SerialNum
                0x000000000800bb3c       0x58 Src/usbd_desc.o
 .text.IntToUnicode
                0x000000000800bb94       0x7c Src/usbd_desc.o
 .text.__libc_init_array
                0x000000000800bc10       0x48 /opt/st/stm32cubeide_1.1.0/plugins/com.st.stm32cube.ide.mcu.externaltools.gnu-tools-for-stm32.7-2018-q2-update.linux64_1.0.0.201904181610/tools/bin/../lib/gcc/arm-none-eabi/7.3.1/../../../../arm-none-eabi/lib/thumb/v7e-m/fpv4-sp/hard/libc_nano.a(lib_a-init.o)
                0x000000000800bc10                __libc_init_array
 .text.memset   0x000000000800bc58       0x10 /opt/st/stm32cubeide_1.1.0/plugins/com.st.stm32cube.ide.mcu.externaltools.gnu-tools-for-stm32.7-2018-q2-update.linux64_1.0.0.201904181610/tools/bin/../lib/gcc/arm-none-eabi/7.3.1/../../../../arm-none-eabi/lib/thumb/v7e-m/fpv4-sp/hard/libc_nano.a(lib_a-memset.o)
                0x000000000800bc58                memset
 .text.sprintf  0x000000000800bc68       0x40 /opt/st/stm32cubeide_1.1.0/plugins/com.st.stm32cube.ide.mcu.externaltools.gnu-tools-for-stm32.7-2018-q2-update.linux64_1.0.0.201904181610/tools/bin/../lib/gcc/arm-none-eabi/7.3.1/../../../../arm-none-eabi/lib/thumb/v7e-m/fpv4-sp/hard/libc_nano.a(lib_a-sprintf.o)
                0x000000000800bc68                sprintf
                0x000000000800bc68                siprintf
 .text.sscanf   0x000000000800bca8       0x54 /opt/st/stm32cubeide_1.1.0/plugins/com.st.stm32cube.ide.mcu.externaltools.gnu-tools-for-stm32.7-2018-q2-update.linux64_1.0.0.201904181610/tools/bin/../lib/gcc/arm-none-eabi/7.3.1/../../../../arm-none-eabi/lib/thumb/v7e-m/fpv4-sp/hard/libc_nano.a(lib_a-sscanf.o)
                0x000000000800bca8                sscanf
                0x000000000800bca8                siscanf
 .text.__seofread
                0x000000000800bcfc        0x4 /opt/st/stm32cubeide_1.1.0/plugins/com.st.stm32cube.ide.mcu.externaltools.gnu-tools-for-stm32.7-2018-q2-update.linux64_1.0.0.201904181610/tools/bin/../lib/gcc/arm-none-eabi/7.3.1/../../../../arm-none-eabi/lib/thumb/v7e-m/fpv4-sp/hard/libc_nano.a(lib_a-stdio.o)
                0x000000000800bcfc                __seofread
 .text.strncpy  0x000000000800bd00       0x2a /opt/st/stm32cubeide_1.1.0/plugins/com.st.stm32cube.ide.mcu.externaltools.gnu-tools-for-stm32.7-2018-q2-update.linux64_1.0.0.201904181610/tools/bin/../lib/gcc/arm-none-eabi/7.3.1/../../../../arm-none-eabi/lib/thumb/v7e-m/fpv4-sp/hard/libc_nano.a(lib_a-strncpy.o)
                0x000000000800bd00                strncpy
 .text.__ssputs_r
                0x000000000800bd2a       0xb4 /opt/st/stm32cubeide_1.1.0/plugins/com.st.stm32cube.ide.mcu.externaltools.gnu-tools-for-stm32.7-2018-q2-update.linux64_1.0.0.201904181610/tools/bin/../lib/gcc/arm-none-eabi/7.3.1/../../../../arm-none-eabi/lib/thumb/v7e-m/fpv4-sp/hard/libc_nano.a(lib_a-nano-svfprintf.o)
                0x000000000800bd2a                __ssputs_r
 *fill*         0x000000000800bdde        0x2 
 .text._svfprintf_r
                0x000000000800bde0      0x1f0 /opt/st/stm32cubeide_1.1.0/plugins/com.st.stm32cube.ide.mcu.externaltools.gnu-tools-for-stm32.7-2018-q2-update.linux64_1.0.0.201904181610/tools/bin/../lib/gcc/arm-none-eabi/7.3.1/../../../../arm-none-eabi/lib/thumb/v7e-m/fpv4-sp/hard/libc_nano.a(lib_a-nano-svfprintf.o)
                0x000000000800bde0                _svfprintf_r
                0x000000000800bde0                _svfiprintf_r
 .text._sungetc_r
                0x000000000800bfd0       0x7a /opt/st/stm32cubeide_1.1.0/plugins/com.st.stm32cube.ide.mcu.externaltools.gnu-tools-for-stm32.7-2018-q2-update.linux64_1.0.0.201904181610/tools/bin/../lib/gcc/arm-none-eabi/7.3.1/../../../../arm-none-eabi/lib/thumb/v7e-m/fpv4-sp/hard/libc_nano.a(lib_a-nano-svfscanf.o)
                0x000000000800bfd0                _sungetc_r
 .text.__ssrefill_r
                0x000000000800c04a       0x3a /opt/st/stm32cubeide_1.1.0/plugins/com.st.stm32cube.ide.mcu.externaltools.gnu-tools-for-stm32.7-2018-q2-update.linux64_1.0.0.201904181610/tools/bin/../lib/gcc/arm-none-eabi/7.3.1/../../../../arm-none-eabi/lib/thumb/v7e-m/fpv4-sp/hard/libc_nano.a(lib_a-nano-svfscanf.o)
                0x000000000800c04a                __ssrefill_r
 .text.__ssvfscanf_r
                0x000000000800c084      0x2a0 /opt/st/stm32cubeide_1.1.0/plugins/com.st.stm32cube.ide.mcu.externaltools.gnu-tools-for-stm32.7-2018-q2-update.linux64_1.0.0.201904181610/tools/bin/../lib/gcc/arm-none-eabi/7.3.1/../../../../arm-none-eabi/lib/thumb/v7e-m/fpv4-sp/hard/libc_nano.a(lib_a-nano-svfscanf.o)
                0x000000000800c084                __ssvfscanf_r
                0x000000000800c084                __ssvfiscanf_r
 .text._printf_common
                0x000000000800c324       0xea /opt/st/stm32cubeide_1.1.0/plugins/com.st.stm32cube.ide.mcu.externaltools.gnu-tools-for-stm32.7-2018-q2-update.linux64_1.0.0.201904181610/tools/bin/../lib/gcc/arm-none-eabi/7.3.1/../../../../arm-none-eabi/lib/thumb/v7e-m/fpv4-sp/hard/libc_nano.a(lib_a-nano-vfprintf_i.o)
                0x000000000800c324                _printf_common
 *fill*         0x000000000800c40e        0x2 
 .text._printf_i
                0x000000000800c410      0x224 /opt/st/stm32cubeide_1.1.0/plugins/com.st.stm32cube.ide.mcu.externaltools.gnu-tools-for-stm32.7-2018-q2-update.linux64_1.0.0.201904181610/tools/bin/../lib/gcc/arm-none-eabi/7.3.1/../../../../arm-none-eabi/lib/thumb/v7e-m/fpv4-sp/hard/libc_nano.a(lib_a-nano-vfprintf_i.o)
                0x000000000800c410                _printf_i
 .text._scanf_chars
                0x000000000800c634       0xc6 /opt/st/stm32cubeide_1.1.0/plugins/com.st.stm32cube.ide.mcu.externaltools.gnu-tools-for-stm32.7-2018-q2-update.linux64_1.0.0.201904181610/tools/bin/../lib/gcc/arm-none-eabi/7.3.1/../../../../arm-none-eabi/lib/thumb/v7e-m/fpv4-sp/hard/libc_nano.a(lib_a-nano-vfscanf_i.o)
                0x000000000800c634                _scanf_chars
 *fill*         0x000000000800c6fa        0x2 
 .text._scanf_i
                0x000000000800c6fc      0x1e8 /opt/st/stm32cubeide_1.1.0/plugins/com.st.stm32cube.ide.mcu.externaltools.gnu-tools-for-stm32.7-2018-q2-update.linux64_1.0.0.201904181610/tools/bin/../lib/gcc/arm-none-eabi/7.3.1/../../../../arm-none-eabi/lib/thumb/v7e-m/fpv4-sp/hard/libc_nano.a(lib_a-nano-vfscanf_i.o)
                0x000000000800c6fc                _scanf_i
 .text.__sccl   0x000000000800c8e4       0x64 /opt/st/stm32cubeide_1.1.0/plugins/com.st.stm32cube.ide.mcu.externaltools.gnu-tools-for-stm32.7-2018-q2-update.linux64_1.0.0.201904181610/tools/bin/../lib/gcc/arm-none-eabi/7.3.1/../../../../arm-none-eabi/lib/thumb/v7e-m/fpv4-sp/hard/libc_nano.a(lib_a-sccl.o)
                0x000000000800c8e4                __sccl
 .text._strtol_l.isra.0
                0x000000000800c948       0xf6 /opt/st/stm32cubeide_1.1.0/plugins/com.st.stm32cube.ide.mcu.externaltools.gnu-tools-for-stm32.7-2018-q2-update.linux64_1.0.0.201904181610/tools/bin/../lib/gcc/arm-none-eabi/7.3.1/../../../../arm-none-eabi/lib/thumb/v7e-m/fpv4-sp/hard/libc_nano.a(lib_a-strtol.o)
 *fill*         0x000000000800ca3e        0x2 
 .text._strtol_r
                0x000000000800ca40       0x24 /opt/st/stm32cubeide_1.1.0/plugins/com.st.stm32cube.ide.mcu.externaltools.gnu-tools-for-stm32.7-2018-q2-update.linux64_1.0.0.201904181610/tools/bin/../lib/gcc/arm-none-eabi/7.3.1/../../../../arm-none-eabi/lib/thumb/v7e-m/fpv4-sp/hard/libc_nano.a(lib_a-strtol.o)
                0x000000000800ca40                _strtol_r
 .text._strtoul_l.isra.0
                0x000000000800ca64       0xf4 /opt/st/stm32cubeide_1.1.0/plugins/com.st.stm32cube.ide.mcu.externaltools.gnu-tools-for-stm32.7-2018-q2-update.linux64_1.0.0.201904181610/tools/bin/../lib/gcc/arm-none-eabi/7.3.1/../../../../arm-none-eabi/lib/thumb/v7e-m/fpv4-sp/hard/libc_nano.a(lib_a-strtoul.o)
 .text._strtoul_r
                0x000000000800cb58       0x24 /opt/st/stm32cubeide_1.1.0/plugins/com.st.stm32cube.ide.mcu.externaltools.gnu-tools-for-stm32.7-2018-q2-update.linux64_1.0.0.201904181610/tools/bin/../lib/gcc/arm-none-eabi/7.3.1/../../../../arm-none-eabi/lib/thumb/v7e-m/fpv4-sp/hard/libc_nano.a(lib_a-strtoul.o)
                0x000000000800cb58                _strtoul_r
 .text.__submore
                0x000000000800cb7c       0x74 /opt/st/stm32cubeide_1.1.0/plugins/com.st.stm32cube.ide.mcu.externaltools.gnu-tools-for-stm32.7-2018-q2-update.linux64_1.0.0.201904181610/tools/bin/../lib/gcc/arm-none-eabi/7.3.1/../../../../arm-none-eabi/lib/thumb/v7e-m/fpv4-sp/hard/libc_nano.a(lib_a-ungetc.o)
                0x000000000800cb7c                __submore
 .text.__locale_ctype_ptr_l
                0x000000000800cbf0        0x6 /opt/st/stm32cubeide_1.1.0/plugins/com.st.stm32cube.ide.mcu.externaltools.gnu-tools-for-stm32.7-2018-q2-update.linux64_1.0.0.201904181610/tools/bin/../lib/gcc/arm-none-eabi/7.3.1/../../../../arm-none-eabi/lib/thumb/v7e-m/fpv4-sp/hard/libc_nano.a(lib_a-locale.o)
                0x000000000800cbf0                __locale_ctype_ptr_l
 *fill*         0x000000000800cbf6        0x2 
 .text.__locale_ctype_ptr
                0x000000000800cbf8       0x1c /opt/st/stm32cubeide_1.1.0/plugins/com.st.stm32cube.ide.mcu.externaltools.gnu-tools-for-stm32.7-2018-q2-update.linux64_1.0.0.201904181610/tools/bin/../lib/gcc/arm-none-eabi/7.3.1/../../../../arm-none-eabi/lib/thumb/v7e-m/fpv4-sp/hard/libc_nano.a(lib_a-locale.o)
                0x000000000800cbf8                __locale_ctype_ptr
 .text.__ascii_mbtowc
                0x000000000800cc14       0x24 /opt/st/stm32cubeide_1.1.0/plugins/com.st.stm32cube.ide.mcu.externaltools.gnu-tools-for-stm32.7-2018-q2-update.linux64_1.0.0.201904181610/tools/bin/../lib/gcc/arm-none-eabi/7.3.1/../../../../arm-none-eabi/lib/thumb/v7e-m/fpv4-sp/hard/libc_nano.a(lib_a-mbtowc_r.o)
                0x000000000800cc14                __ascii_mbtowc
 .text.memcpy   0x000000000800cc38       0x16 /opt/st/stm32cubeide_1.1.0/plugins/com.st.stm32cube.ide.mcu.externaltools.gnu-tools-for-stm32.7-2018-q2-update.linux64_1.0.0.201904181610/tools/bin/../lib/gcc/arm-none-eabi/7.3.1/../../../../arm-none-eabi/lib/thumb/v7e-m/fpv4-sp/hard/libc_nano.a(lib_a-memcpy-stub.o)
                0x000000000800cc38                memcpy
 .text.memmove  0x000000000800cc4e       0x32 /opt/st/stm32cubeide_1.1.0/plugins/com.st.stm32cube.ide.mcu.externaltools.gnu-tools-for-stm32.7-2018-q2-update.linux64_1.0.0.201904181610/tools/bin/../lib/gcc/arm-none-eabi/7.3.1/../../../../arm-none-eabi/lib/thumb/v7e-m/fpv4-sp/hard/libc_nano.a(lib_a-memmove.o)
                0x000000000800cc4e                memmove
 .text._free_r  0x000000000800cc80       0x9c /opt/st/stm32cubeide_1.1.0/plugins/com.st.stm32cube.ide.mcu.externaltools.gnu-tools-for-stm32.7-2018-q2-update.linux64_1.0.0.201904181610/tools/bin/../lib/gcc/arm-none-eabi/7.3.1/../../../../arm-none-eabi/lib/thumb/v7e-m/fpv4-sp/hard/libc_nano.a(lib_a-nano-freer.o)
                0x000000000800cc80                _free_r
 .text._malloc_r
                0x000000000800cd1c       0xb4 /opt/st/stm32cubeide_1.1.0/plugins/com.st.stm32cube.ide.mcu.externaltools.gnu-tools-for-stm32.7-2018-q2-update.linux64_1.0.0.201904181610/tools/bin/../lib/gcc/arm-none-eabi/7.3.1/../../../../arm-none-eabi/lib/thumb/v7e-m/fpv4-sp/hard/libc_nano.a(lib_a-nano-mallocr.o)
                0x000000000800cd1c                _malloc_r
 .text._realloc_r
                0x000000000800cdd0       0x4c /opt/st/stm32cubeide_1.1.0/plugins/com.st.stm32cube.ide.mcu.externaltools.gnu-tools-for-stm32.7-2018-q2-update.linux64_1.0.0.201904181610/tools/bin/../lib/gcc/arm-none-eabi/7.3.1/../../../../arm-none-eabi/lib/thumb/v7e-m/fpv4-sp/hard/libc_nano.a(lib_a-nano-reallocr.o)
                0x000000000800cdd0                _realloc_r
 .text._sbrk_r  0x000000000800ce1c       0x20 /opt/st/stm32cubeide_1.1.0/plugins/com.st.stm32cube.ide.mcu.externaltools.gnu-tools-for-stm32.7-2018-q2-update.linux64_1.0.0.201904181610/tools/bin/../lib/gcc/arm-none-eabi/7.3.1/../../../../arm-none-eabi/lib/thumb/v7e-m/fpv4-sp/hard/libc_nano.a(lib_a-sbrkr.o)
                0x000000000800ce1c                _sbrk_r
 .text.__ascii_wctomb
                0x000000000800ce3c       0x1a /opt/st/stm32cubeide_1.1.0/plugins/com.st.stm32cube.ide.mcu.externaltools.gnu-tools-for-stm32.7-2018-q2-update.linux64_1.0.0.201904181610/tools/bin/../lib/gcc/arm-none-eabi/7.3.1/../../../../arm-none-eabi/lib/thumb/v7e-m/fpv4-sp/hard/libc_nano.a(lib_a-wctomb_r.o)
                0x000000000800ce3c                __ascii_wctomb
 .text.__malloc_lock
                0x000000000800ce56        0x2 /opt/st/stm32cubeide_1.1.0/plugins/com.st.stm32cube.ide.mcu.externaltools.gnu-tools-for-stm32.7-2018-q2-update.linux64_1.0.0.201904181610/tools/bin/../lib/gcc/arm-none-eabi/7.3.1/../../../../arm-none-eabi/lib/thumb/v7e-m/fpv4-sp/hard/libc_nano.a(lib_a-mlock.o)
                0x000000000800ce56                __malloc_lock
 .text.__malloc_unlock
                0x000000000800ce58        0x2 /opt/st/stm32cubeide_1.1.0/plugins/com.st.stm32cube.ide.mcu.externaltools.gnu-tools-for-stm32.7-2018-q2-update.linux64_1.0.0.201904181610/tools/bin/../lib/gcc/arm-none-eabi/7.3.1/../../../../arm-none-eabi/lib/thumb/v7e-m/fpv4-sp/hard/libc_nano.a(lib_a-mlock.o)
                0x000000000800ce58                __malloc_unlock
 .text._malloc_usable_size_r
                0x000000000800ce5a       0x10 /opt/st/stm32cubeide_1.1.0/plugins/com.st.stm32cube.ide.mcu.externaltools.gnu-tools-for-stm32.7-2018-q2-update.linux64_1.0.0.201904181610/tools/bin/../lib/gcc/arm-none-eabi/7.3.1/../../../../arm-none-eabi/lib/thumb/v7e-m/fpv4-sp/hard/libc_nano.a(lib_a-nano-msizer.o)
                0x000000000800ce5a                _malloc_usable_size_r
 *fill*         0x000000000800ce6a        0x2 
 .text._sbrk    0x000000000800ce6c       0x1c /opt/st/stm32cubeide_1.1.0/plugins/com.st.stm32cube.ide.mcu.externaltools.gnu-tools-for-stm32.7-2018-q2-update.linux64_1.0.0.201904181610/tools/bin/../lib/gcc/arm-none-eabi/7.3.1/../../../../arm-none-eabi/lib/thumb/v7e-m/fpv4-sp/hard/libnosys.a(sbrk.o)
                0x000000000800ce6c                _sbrk
 *(.glue_7)
 .glue_7        0x000000000800ce88        0x0 linker stubs
 *(.glue_7t)
 .glue_7t       0x000000000800ce88        0x0 linker stubs
 *(.eh_frame)
 .eh_frame      0x000000000800ce88        0x0 /opt/st/stm32cubeide_1.1.0/plugins/com.st.stm32cube.ide.mcu.externaltools.gnu-tools-for-stm32.7-2018-q2-update.linux64_1.0.0.201904181610/tools/bin/../lib/gcc/arm-none-eabi/7.3.1/thumb/v7e-m/fpv4-sp/hard/crtbegin.o
 *(.init)
 .init          0x000000000800ce88        0x4 /opt/st/stm32cubeide_1.1.0/plugins/com.st.stm32cube.ide.mcu.externaltools.gnu-tools-for-stm32.7-2018-q2-update.linux64_1.0.0.201904181610/tools/bin/../lib/gcc/arm-none-eabi/7.3.1/thumb/v7e-m/fpv4-sp/hard/crti.o
                0x000000000800ce88                _init
 .init          0x000000000800ce8c        0x8 /opt/st/stm32cubeide_1.1.0/plugins/com.st.stm32cube.ide.mcu.externaltools.gnu-tools-for-stm32.7-2018-q2-update.linux64_1.0.0.201904181610/tools/bin/../lib/gcc/arm-none-eabi/7.3.1/thumb/v7e-m/fpv4-sp/hard/crtn.o
 *(.fini)
 .fini          0x000000000800ce94        0x4 /opt/st/stm32cubeide_1.1.0/plugins/com.st.stm32cube.ide.mcu.externaltools.gnu-tools-for-stm32.7-2018-q2-update.linux64_1.0.0.201904181610/tools/bin/../lib/gcc/arm-none-eabi/7.3.1/thumb/v7e-m/fpv4-sp/hard/crti.o
                0x000000000800ce94                _fini
 .fini          0x000000000800ce98        0x8 /opt/st/stm32cubeide_1.1.0/plugins/com.st.stm32cube.ide.mcu.externaltools.gnu-tools-for-stm32.7-2018-q2-update.linux64_1.0.0.201904181610/tools/bin/../lib/gcc/arm-none-eabi/7.3.1/thumb/v7e-m/fpv4-sp/hard/crtn.o
                0x000000000800cea0                . = ALIGN (0x4)
                0x000000000800cea0                _etext = .

.vfp11_veneer   0x000000000800cea0        0x0
 .vfp11_veneer  0x000000000800cea0        0x0 linker stubs

.v4_bx          0x000000000800cea0        0x0
 .v4_bx         0x000000000800cea0        0x0 linker stubs

.iplt           0x000000000800cea0        0x0
 .iplt          0x000000000800cea0        0x0 /opt/st/stm32cubeide_1.1.0/plugins/com.st.stm32cube.ide.mcu.externaltools.gnu-tools-for-stm32.7-2018-q2-update.linux64_1.0.0.201904181610/tools/bin/../lib/gcc/arm-none-eabi/7.3.1/thumb/v7e-m/fpv4-sp/hard/crtbegin.o

.rodata         0x000000000800cea0      0x358
                0x000000000800cea0                . = ALIGN (0x4)
 *(.rodata)
 .rodata        0x000000000800cea0       0x10 Drivers/STM32G4xx_HAL_Driver/Src/stm32g4xx_hal_uart_ex.o
 .rodata        0x000000000800ceb0      0x10f Src/Parser.o
 *fill*         0x000000000800cfbf        0x1 
 .rodata        0x000000000800cfc0       0x1c Src/SimUart.o
 .rodata        0x000000000800cfdc       0x3a Src/usbd_desc.o
 *fill*         0x000000000800d016        0x2 
 .rodata        0x000000000800d018        0xc /opt/st/stm32cubeide_1.1.0/plugins/com.st.stm32cube.ide.mcu.externaltools.gnu-tools-for-stm32.7-2018-q2-update.linux64_1.0.0.201904181610/tools/bin/../lib/gcc/arm-none-eabi/7.3.1/../../../../arm-none-eabi/lib/thumb/v7e-m/fpv4-sp/hard/libc_nano.a(lib_a-nano-vfscanf_i.o)
 *(.rodata*)
 .rodata.AHBPrescTable
                0x000000000800d024       0x10 Src/system_stm32g4xx.o
                0x000000000800d024                AHBPrescTable
 .rodata.APBPrescTable
                0x000000000800d034        0x8 Src/system_stm32g4xx.o
                0x000000000800d034                APBPrescTable
 .rodata._svfprintf_r.str1.1
                0x000000000800d03c       0x11 /opt/st/stm32cubeide_1.1.0/plugins/com.st.stm32cube.ide.mcu.externaltools.gnu-tools-for-stm32.7-2018-q2-update.linux64_1.0.0.201904181610/tools/bin/../lib/gcc/arm-none-eabi/7.3.1/../../../../arm-none-eabi/lib/thumb/v7e-m/fpv4-sp/hard/libc_nano.a(lib_a-nano-svfprintf.o)
 .rodata.__ssvfscanf_r.str1.1
                0x000000000800d04d        0x4 /opt/st/stm32cubeide_1.1.0/plugins/com.st.stm32cube.ide.mcu.externaltools.gnu-tools-for-stm32.7-2018-q2-update.linux64_1.0.0.201904181610/tools/bin/../lib/gcc/arm-none-eabi/7.3.1/../../../../arm-none-eabi/lib/thumb/v7e-m/fpv4-sp/hard/libc_nano.a(lib_a-nano-svfscanf.o)
 .rodata._printf_i.str1.1
                0x000000000800d04d       0x22 /opt/st/stm32cubeide_1.1.0/plugins/com.st.stm32cube.ide.mcu.externaltools.gnu-tools-for-stm32.7-2018-q2-update.linux64_1.0.0.201904181610/tools/bin/../lib/gcc/arm-none-eabi/7.3.1/../../../../arm-none-eabi/lib/thumb/v7e-m/fpv4-sp/hard/libc_nano.a(lib_a-nano-vfprintf_i.o)
 .rodata._scanf_i.str1.1
                0x000000000800d06f       0x12 /opt/st/stm32cubeide_1.1.0/plugins/com.st.stm32cube.ide.mcu.externaltools.gnu-tools-for-stm32.7-2018-q2-update.linux64_1.0.0.201904181610/tools/bin/../lib/gcc/arm-none-eabi/7.3.1/../../../../arm-none-eabi/lib/thumb/v7e-m/fpv4-sp/hard/libc_nano.a(lib_a-nano-vfscanf_i.o)
 .rodata.str1.1
                0x000000000800d081        0x9 /opt/st/stm32cubeide_1.1.0/plugins/com.st.stm32cube.ide.mcu.externaltools.gnu-tools-for-stm32.7-2018-q2-update.linux64_1.0.0.201904181610/tools/bin/../lib/gcc/arm-none-eabi/7.3.1/../../../../arm-none-eabi/lib/thumb/v7e-m/fpv4-sp/hard/libc_nano.a(lib_a-nano-vfscanf_i.o)
 *fill*         0x000000000800d08a        0x2 
 .rodata.__sf_fake_stderr
                0x000000000800d08c       0x20 /opt/st/stm32cubeide_1.1.0/plugins/com.st.stm32cube.ide.mcu.externaltools.gnu-tools-for-stm32.7-2018-q2-update.linux64_1.0.0.201904181610/tools/bin/../lib/gcc/arm-none-eabi/7.3.1/../../../../arm-none-eabi/lib/thumb/v7e-m/fpv4-sp/hard/libc_nano.a(lib_a-findfp.o)
                0x000000000800d08c                __sf_fake_stderr
 .rodata.__sf_fake_stdin
                0x000000000800d0ac       0x20 /opt/st/stm32cubeide_1.1.0/plugins/com.st.stm32cube.ide.mcu.externaltools.gnu-tools-for-stm32.7-2018-q2-update.linux64_1.0.0.201904181610/tools/bin/../lib/gcc/arm-none-eabi/7.3.1/../../../../arm-none-eabi/lib/thumb/v7e-m/fpv4-sp/hard/libc_nano.a(lib_a-findfp.o)
                0x000000000800d0ac                __sf_fake_stdin
 .rodata.__sf_fake_stdout
                0x000000000800d0cc       0x20 /opt/st/stm32cubeide_1.1.0/plugins/com.st.stm32cube.ide.mcu.externaltools.gnu-tools-for-stm32.7-2018-q2-update.linux64_1.0.0.201904181610/tools/bin/../lib/gcc/arm-none-eabi/7.3.1/../../../../arm-none-eabi/lib/thumb/v7e-m/fpv4-sp/hard/libc_nano.a(lib_a-findfp.o)
                0x000000000800d0cc                __sf_fake_stdout
 .rodata._setlocale_r.str1.1
                0x000000000800d0ec        0x8 /opt/st/stm32cubeide_1.1.0/plugins/com.st.stm32cube.ide.mcu.externaltools.gnu-tools-for-stm32.7-2018-q2-update.linux64_1.0.0.201904181610/tools/bin/../lib/gcc/arm-none-eabi/7.3.1/../../../../arm-none-eabi/lib/thumb/v7e-m/fpv4-sp/hard/libc_nano.a(lib_a-locale.o)
                                          0x9 (size before relaxing)
 .rodata.str1.1
                0x000000000800d0f4        0x2 /opt/st/stm32cubeide_1.1.0/plugins/com.st.stm32cube.ide.mcu.externaltools.gnu-tools-for-stm32.7-2018-q2-update.linux64_1.0.0.201904181610/tools/bin/../lib/gcc/arm-none-eabi/7.3.1/../../../../arm-none-eabi/lib/thumb/v7e-m/fpv4-sp/hard/libc_nano.a(lib_a-locale.o)
 .rodata._ctype_
                0x000000000800d0f6      0x101 /opt/st/stm32cubeide_1.1.0/plugins/com.st.stm32cube.ide.mcu.externaltools.gnu-tools-for-stm32.7-2018-q2-update.linux64_1.0.0.201904181610/tools/bin/../lib/gcc/arm-none-eabi/7.3.1/../../../../arm-none-eabi/lib/thumb/v7e-m/fpv4-sp/hard/libc_nano.a(lib_a-ctype_.o)
                0x000000000800d0f6                _ctype_
                0x000000000800d1f8                . = ALIGN (0x4)
 *fill*         0x000000000800d1f7        0x1 

.ARM.extab      0x000000000800d1f8        0x0
                0x000000000800d1f8                . = ALIGN (0x4)
 *(.ARM.extab* .gnu.linkonce.armextab.*)
                0x000000000800d1f8                . = ALIGN (0x4)

.ARM            0x000000000800d1f8        0x8
                0x000000000800d1f8                . = ALIGN (0x4)
                0x000000000800d1f8                __exidx_start = .
 *(.ARM.exidx*)
 .ARM.exidx     0x000000000800d1f8        0x8 /opt/st/stm32cubeide_1.1.0/plugins/com.st.stm32cube.ide.mcu.externaltools.gnu-tools-for-stm32.7-2018-q2-update.linux64_1.0.0.201904181610/tools/bin/../lib/gcc/arm-none-eabi/7.3.1/thumb/v7e-m/fpv4-sp/hard/libgcc.a(_udivmoddi4.o)
                0x000000000800d200                __exidx_end = .
                0x000000000800d200                . = ALIGN (0x4)

.rel.dyn        0x000000000800d200        0x0
 .rel.iplt      0x000000000800d200        0x0 /opt/st/stm32cubeide_1.1.0/plugins/com.st.stm32cube.ide.mcu.externaltools.gnu-tools-for-stm32.7-2018-q2-update.linux64_1.0.0.201904181610/tools/bin/../lib/gcc/arm-none-eabi/7.3.1/thumb/v7e-m/fpv4-sp/hard/crtbegin.o

.preinit_array  0x000000000800d200        0x0
                0x000000000800d200                . = ALIGN (0x4)
                0x000000000800d200                PROVIDE (__preinit_array_start = .)
 *(.preinit_array*)
                0x000000000800d200                PROVIDE (__preinit_array_end = .)
                0x000000000800d200                . = ALIGN (0x4)

.init_array     0x000000000800d200        0x4
                0x000000000800d200                . = ALIGN (0x4)
                0x000000000800d200                PROVIDE (__init_array_start = .)
 *(SORT_BY_NAME(.init_array.*))
 *(.init_array*)
 .init_array    0x000000000800d200        0x4 /opt/st/stm32cubeide_1.1.0/plugins/com.st.stm32cube.ide.mcu.externaltools.gnu-tools-for-stm32.7-2018-q2-update.linux64_1.0.0.201904181610/tools/bin/../lib/gcc/arm-none-eabi/7.3.1/thumb/v7e-m/fpv4-sp/hard/crtbegin.o
                0x000000000800d204                PROVIDE (__init_array_end = .)
                0x000000000800d204                . = ALIGN (0x4)

.fini_array     0x000000000800d204        0x4
                0x000000000800d204                . = ALIGN (0x4)
                [!provide]                        PROVIDE (__fini_array_start = .)
 *(SORT_BY_NAME(.fini_array.*))
 *(.fini_array*)
 .fini_array    0x000000000800d204        0x4 /opt/st/stm32cubeide_1.1.0/plugins/com.st.stm32cube.ide.mcu.externaltools.gnu-tools-for-stm32.7-2018-q2-update.linux64_1.0.0.201904181610/tools/bin/../lib/gcc/arm-none-eabi/7.3.1/thumb/v7e-m/fpv4-sp/hard/crtbegin.o
                [!provide]                        PROVIDE (__fini_array_end = .)
                0x000000000800d208                . = ALIGN (0x4)
                0x000000000800d208                _sidata = LOADADDR (.data)

.data           0x0000000020000000      0x350 load address 0x000000000800d208
                0x0000000020000000                . = ALIGN (0x4)
                0x0000000020000000                _sdata = .
 *(.data)
 *(.data*)
 .data.uwTickPrio
                0x0000000020000000        0x4 Drivers/STM32G4xx_HAL_Driver/Src/stm32g4xx_hal.o
                0x0000000020000000                uwTickPrio
 .data.uwTickFreq
                0x0000000020000004        0x4 Drivers/STM32G4xx_HAL_Driver/Src/stm32g4xx_hal.o
                0x0000000020000004                uwTickFreq
 .data.USBD_CDC_DeviceQualifierDesc
                0x0000000020000008        0xa Middlewares/ST/STM32_USB_Device_Library/Class/CDC/Src/usbd_cdc.o
 *fill*         0x0000000020000012        0x2 
 .data.USBD_CDC
                0x0000000020000014       0x38 Middlewares/ST/STM32_USB_Device_Library/Class/CDC/Src/usbd_cdc.o
                0x0000000020000014                USBD_CDC
 .data.USBD_CDC_CfgHSDesc
                0x000000002000004c       0x43 Middlewares/ST/STM32_USB_Device_Library/Class/CDC/Src/usbd_cdc.o
                0x000000002000004c                USBD_CDC_CfgHSDesc
 *fill*         0x000000002000008f        0x1 
 .data.USBD_CDC_CfgFSDesc
                0x0000000020000090       0x43 Middlewares/ST/STM32_USB_Device_Library/Class/CDC/Src/usbd_cdc.o
                0x0000000020000090                USBD_CDC_CfgFSDesc
 *fill*         0x00000000200000d3        0x1 
 .data.USBD_CDC_OtherSpeedCfgDesc
                0x00000000200000d4       0x43 Middlewares/ST/STM32_USB_Device_Library/Class/CDC/Src/usbd_cdc.o
                0x00000000200000d4                USBD_CDC_OtherSpeedCfgDesc
 *fill*         0x0000000020000117        0x1 
 .data.SystemCoreClock
                0x0000000020000118        0x4 Src/system_stm32g4xx.o
                0x0000000020000118                SystemCoreClock
 .data.USBD_Interface_fops_FS
                0x000000002000011c       0x10 Src/usbd_cdc_if.o
                0x000000002000011c                USBD_Interface_fops_FS
 .data.CDC_Desc
                0x000000002000012c       0x20 Src/usbd_desc.o
                0x000000002000012c                CDC_Desc
 .data.USBD_CDC_DeviceDesc
                0x000000002000014c       0x12 Src/usbd_desc.o
                0x000000002000014c                USBD_CDC_DeviceDesc
 *fill*         0x000000002000015e        0x2 
 .data.USBD_LangIDDesc
                0x0000000020000160        0x4 Src/usbd_desc.o
                0x0000000020000160                USBD_LangIDDesc
 .data.USBD_StringSerial
                0x0000000020000164       0x1a Src/usbd_desc.o
                0x0000000020000164                USBD_StringSerial
 *fill*         0x000000002000017e        0x2 
 .data._impure_ptr
                0x0000000020000180        0x4 /opt/st/stm32cubeide_1.1.0/plugins/com.st.stm32cube.ide.mcu.externaltools.gnu-tools-for-stm32.7-2018-q2-update.linux64_1.0.0.201904181610/tools/bin/../lib/gcc/arm-none-eabi/7.3.1/../../../../arm-none-eabi/lib/thumb/v7e-m/fpv4-sp/hard/libc_nano.a(lib_a-impure.o)
                0x0000000020000180                _impure_ptr
 .data.impure_data
                0x0000000020000184       0x60 /opt/st/stm32cubeide_1.1.0/plugins/com.st.stm32cube.ide.mcu.externaltools.gnu-tools-for-stm32.7-2018-q2-update.linux64_1.0.0.201904181610/tools/bin/../lib/gcc/arm-none-eabi/7.3.1/../../../../arm-none-eabi/lib/thumb/v7e-m/fpv4-sp/hard/libc_nano.a(lib_a-impure.o)
 .data.__global_locale
                0x00000000200001e4      0x16c /opt/st/stm32cubeide_1.1.0/plugins/com.st.stm32cube.ide.mcu.externaltools.gnu-tools-for-stm32.7-2018-q2-update.linux64_1.0.0.201904181610/tools/bin/../lib/gcc/arm-none-eabi/7.3.1/../../../../arm-none-eabi/lib/thumb/v7e-m/fpv4-sp/hard/libc_nano.a(lib_a-locale.o)
                0x00000000200001e4                __global_locale
                0x0000000020000350                . = ALIGN (0x4)
                0x0000000020000350                _edata = .

.igot.plt       0x0000000020000350        0x0 load address 0x000000000800d558
 .igot.plt      0x0000000020000350        0x0 /opt/st/stm32cubeide_1.1.0/plugins/com.st.stm32cube.ide.mcu.externaltools.gnu-tools-for-stm32.7-2018-q2-update.linux64_1.0.0.201904181610/tools/bin/../lib/gcc/arm-none-eabi/7.3.1/thumb/v7e-m/fpv4-sp/hard/crtbegin.o
                0x0000000020000350                . = ALIGN (0x4)

.bss            0x0000000020000350     0x1758 load address 0x000000000800d558
                0x0000000020000350                _sbss = .
                0x0000000020000350                __bss_start__ = _sbss
 *(.bss)
 .bss           0x0000000020000350       0x1c /opt/st/stm32cubeide_1.1.0/plugins/com.st.stm32cube.ide.mcu.externaltools.gnu-tools-for-stm32.7-2018-q2-update.linux64_1.0.0.201904181610/tools/bin/../lib/gcc/arm-none-eabi/7.3.1/thumb/v7e-m/fpv4-sp/hard/crtbegin.o
 *(.bss*)
 .bss.cfgidx.11002
                0x000000002000036c        0x1 Middlewares/ST/STM32_USB_Device_Library/Core/Src/usbd_ctlreq.o
 .bss.uart_header
                0x000000002000036d        0x1 Src/SimUart.o
                0x000000002000036d                uart_header
 .bss.uart_busy_flag
                0x000000002000036e        0x2 Src/SimUart.o
                0x000000002000036e                uart_busy_flag
 .bss.uart_rx_index
                0x0000000020000370        0x2 Src/SimUart.o
                0x0000000020000370                uart_rx_index
 .bss.usb_header
                0x0000000020000372        0x1 Src/SimUart.o
                0x0000000020000372                usb_header
 *fill*         0x0000000020000373        0x1 
 .bss.usb_busy_flag
                0x0000000020000374        0x2 Src/SimUart.o
                0x0000000020000374                usb_busy_flag
 .bss.usb_rx_index
                0x0000000020000376        0x2 Src/SimUart.o
                0x0000000020000376                usb_rx_index
 .bss.mem.11077
                0x0000000020000378      0x220 Src/usbd_conf.o
 .bss.__malloc_free_list
                0x0000000020000598        0x4 /opt/st/stm32cubeide_1.1.0/plugins/com.st.stm32cube.ide.mcu.externaltools.gnu-tools-for-stm32.7-2018-q2-update.linux64_1.0.0.201904181610/tools/bin/../lib/gcc/arm-none-eabi/7.3.1/../../../../arm-none-eabi/lib/thumb/v7e-m/fpv4-sp/hard/libc_nano.a(lib_a-nano-mallocr.o)
                0x0000000020000598                __malloc_free_list
 .bss.__malloc_sbrk_start
                0x000000002000059c        0x4 /opt/st/stm32cubeide_1.1.0/plugins/com.st.stm32cube.ide.mcu.externaltools.gnu-tools-for-stm32.7-2018-q2-update.linux64_1.0.0.201904181610/tools/bin/../lib/gcc/arm-none-eabi/7.3.1/../../../../arm-none-eabi/lib/thumb/v7e-m/fpv4-sp/hard/libc_nano.a(lib_a-nano-mallocr.o)
                0x000000002000059c                __malloc_sbrk_start
 .bss.heap_end.5377
                0x00000000200005a0        0x4 /opt/st/stm32cubeide_1.1.0/plugins/com.st.stm32cube.ide.mcu.externaltools.gnu-tools-for-stm32.7-2018-q2-update.linux64_1.0.0.201904181610/tools/bin/../lib/gcc/arm-none-eabi/7.3.1/../../../../arm-none-eabi/lib/thumb/v7e-m/fpv4-sp/hard/libnosys.a(sbrk.o)
 *(COMMON)
 COMMON         0x00000000200005a4        0x4 Drivers/STM32G4xx_HAL_Driver/Src/stm32g4xx_hal.o
                0x00000000200005a4                uwTick
 COMMON         0x00000000200005a8        0x4 Src/DCC_Packets.o
                0x00000000200005a8                mirror_packet
 COMMON         0x00000000200005ac       0x40 Src/Parser.o
                0x00000000200005ac                outbuf
 COMMON         0x00000000200005ec      0x5b0 Src/main.o
                0x00000000200005ec                hdma_tim1_ch1
                0x000000002000064c                dcc_packet_size
                0x0000000020000650                rbuffer
                0x00000000200006d0                hi2c1
                0x000000002000071c                dcc_packet
                0x0000000020000720                len4_packet
                0x000000002000078c                main_track
                0x000000002000078e                usb_index