main.c:104:6:packet_callback	8	static
main.c:118:6:cutout_callback	8	static
main.c:128:6:debug_flag_pulse	8	static
main.c:142:5:main	8	static
main.c:227:6:SystemClock_Config	152	static
main.c:284:13:MX_COMP1_Init	8	static
main.c:316:13:MX_I2C1_Init	8	static
main.c:362:13:MX_TIM1_Init	120	static
main.c:444:13:MX_TIM6_Init	24	static
main.c:486:13:MX_TIM16_Init	88	static
main.c:549:13:MX_USART2_UART_Init	8	static
main.c:595:13:MX_DMA_Init	16	static
main.c:617:13:MX_GPIO_Init	40	static
main.c:645:6:Error_Handler	4	static
